Archive member included to satisfy reference by file (symbol)

C:/devkitPro/libctru/lib\libctru.a(console.o)
                              main.o (consoleInit)
C:/devkitPro/libctru/lib\libctru.a(gfx.o)
                              C:/devkitPro/libctru/lib\libctru.a(console.o) (gfxIsWide)
C:/devkitPro/libctru/lib\libctru.a(os.o)
                              Timer.o (osGetTime)
C:/devkitPro/libctru/lib\libctru.a(apt.o)
                              main.o (aptMainLoop)
C:/devkitPro/libctru/lib\libctru.a(gspgpu.o)
                              C:/devkitPro/libctru/lib\libctru.a(gfx.o) (gspInit)
C:/devkitPro/libctru/lib\libctru.a(hid.o)
                              InputManager.o (hidScanInput)
C:/devkitPro/libctru/lib\libctru.a(irrst.o)
                              C:/devkitPro/libctru/lib\libctru.a(hid.o) (irrstInit)
C:/devkitPro/libctru/lib\libctru.a(ptmsysm.o)
                              C:/devkitPro/libctru/lib\libctru.a(os.o) (ptmSysmInit)
C:/devkitPro/libctru/lib\libctru.a(ctru_init.o)
                              C:/devkitPro/libctru/lib\libctru.a(apt.o) (__system_retAddr)
C:/devkitPro/libctru/lib\libctru.a(initArgv.o)
                              C:/devkitPro/libctru/lib\libctru.a(ctru_init.o) (__system_initArgv)
C:/devkitPro/libctru/lib\libctru.a(syscalls.o)
                              C:/devkitPro/libctru/lib\libctru.a(ctru_init.o) (__system_initSyscalls)
C:/devkitPro/libctru/lib\libctru.a(svc.o)
                              C:/devkitPro/libctru/lib\libctru.a(apt.o) (svcSleepThread)
C:/devkitPro/libctru/lib\libctru.a(stack_adjust.o)
                              C:/devkitPro/devkitARM/bin/../lib/gcc/arm-none-eabi/16.1.0/../../../../arm-none-eabi/lib/armv6k/fpu/3dsx_crt0.o (initSystem)
C:/devkitPro/libctru/lib\libctru.a(default_font.bin.o)
                              C:/devkitPro/libctru/lib\libctru.a(console.o) (default_font_bin)
C:/devkitPro/libctru/lib\libctru.a(linear.o)
                              C:/devkitPro/libctru/lib\libctru.a(gfx.o) (linearAlloc)
C:/devkitPro/libctru/lib\libctru.a(mem_pool.o)
                              C:/devkitPro/libctru/lib\libctru.a(linear.o) (MemPool::Allocate(MemChunk&, unsigned long, int))
C:/devkitPro/libctru/lib\libctru.a(vram.o)
                              C:/devkitPro/libctru/lib\libctru.a(gfx.o) (vramAlloc)
C:/devkitPro/libctru/lib\libctru.a(3dslink.o)
                              C:/devkitPro/libctru/lib\libctru.a(initArgv.o) (__3dslink_host)
C:/devkitPro/libctru/lib\libctru.a(env.o)
                              C:/devkitPro/libctru/lib\libctru.a(irrst.o) (envGetHandle)
C:/devkitPro/libctru/lib\libctru.a(srv.o)
                              C:/devkitPro/libctru/lib\libctru.a(apt.o) (srvInit)
C:/devkitPro/libctru/lib\libctru.a(synchronization.o)
                              C:/devkitPro/libctru/lib\libctru.a(ctru_init.o) (__sync_init)
C:/devkitPro/libctru/lib\libctru.a(thread.o)
                              C:/devkitPro/libctru/lib\libctru.a(apt.o) (threadCreate)
C:/devkitPro/libctru/lib\libctru.a(mappable.o)
                              C:/devkitPro/libctru/lib\libctru.a(apt.o) (mappableAlloc)
C:/devkitPro/libctru/lib\libctru.a(srvpm.o)
                              C:/devkitPro/libctru/lib\libctru.a(srv.o) (srvPmGetSessionHandle)
C:/devkitPro/libctru/lib\libctru.a(soc_connect.o)
                              C:/devkitPro/libctru/lib\libctru.a(3dslink.o) (connect)
C:/devkitPro/libctru/lib\libctru.a(soc_socket.o)
                              C:/devkitPro/libctru/lib\libctru.a(3dslink.o) (socket)
C:/devkitPro/libctru/lib\libctru.a(rbtree_find.o)
                              C:/devkitPro/libctru/lib\libctru.a(linear.o) (rbtree_find)
C:/devkitPro/libctru/lib\libctru.a(rbtree_init.o)
                              C:/devkitPro/libctru/lib\libctru.a(linear.o) (rbtree_init)
C:/devkitPro/libctru/lib\libctru.a(rbtree_insert.o)
                              C:/devkitPro/libctru/lib\libctru.a(linear.o) (rbtree_insert)
C:/devkitPro/libctru/lib\libctru.a(rbtree_remove.o)
                              C:/devkitPro/libctru/lib\libctru.a(linear.o) (rbtree_remove)
C:/devkitPro/libctru/lib\libctru.a(rbtree_rotate.o)
                              C:/devkitPro/libctru/lib\libctru.a(rbtree_insert.o) (rbtree_rotate)
C:/devkitPro/libctru/lib\libctru.a(allocateHeaps.o)
                              C:/devkitPro/libctru/lib\libctru.a(ctru_init.o) (__system_allocateHeaps)
C:/devkitPro/libctru/lib\libctru.a(appExit.o)
                              C:/devkitPro/libctru/lib\libctru.a(stack_adjust.o) (__appExit)
C:/devkitPro/libctru/lib\libctru.a(appInit.o)
                              C:/devkitPro/libctru/lib\libctru.a(stack_adjust.o) (__appInit)
C:/devkitPro/libctru/lib\libctru.a(ctru_exit.o)
                              C:/devkitPro/libctru/lib\libctru.a(stack_adjust.o) (__libctru_exit)
C:/devkitPro/libctru/lib\libctru.a(archive_dev.o)
[...]
Memory Configuration

Name             Origin             Length             Attributes
*default*        0x00000000         0xffffffff

Linker script and memory map

                0x00000000                        __sync_synchronize = __sync_synchronize_dmb
                0x00100000                        PROVIDE (__start__ = 0x100000)
                0x00100000                        . = __start__

.text           0x00100000    0x17c8c
 *(.crt0)
 .crt0          0x00100000       0x94 C:/devkitPro/devkitARM/bin/../lib/gcc/arm-none-eabi/16.1.0/../../../../arm-none-eabi/lib/armv6k/fpu/3dsx_crt0.o
                0x00100000                _start
                0x00100008                __service_ptr
                0x0010000c                __apt_appid
                0x00100010                __heap_size
                0x00100014                __linear_heap_size
                0x00100018                __system_arglist
                0x0010001c                __system_runflags
 *(.init)
 .init          0x00100094        0xc C:/devkitPro/devkitARM/bin/../lib/gcc/arm-none-eabi/16.1.0/armv6k/fpu/crti.o
                0x00100094                _init
 .init          0x001000a0        0xc C:/devkitPro/devkitARM/bin/../lib/gcc/arm-none-eabi/16.1.0/armv6k/fpu/crtn.o
                0x001000ac                        . = ALIGN (0x4)
 *(.text)
 .text          0x001000ac      0x240 C:/devkitPro/devkitARM/bin/../lib/gcc/arm-none-eabi/16.1.0/armv6k/fpu\libgcc.a(_divsi3.o)
                0x001000ac                __divsi3
                0x001000ac                __aeabi_idiv
                0x001002cc                __aeabi_idivmod
 .text          0x001002ec        0x4 C:/devkitPro/devkitARM/bin/../lib/gcc/arm-none-eabi/16.1.0/armv6k/fpu\libgcc.a(_dvmd_tls.o)
                0x001002ec                __aeabi_idiv0
                0x001002ec                __aeabi_ldiv0
 .text          0x001002f0      0x250 C:/devkitPro/devkitARM/bin/../lib/gcc/arm-none-eabi/16.1.0/armv6k/fpu\libgcc.a(_arm_addsubsf3.o)
                0x001002f0                __aeabi_frsub
                0x001002f8                __subsf3
                0x001002f8                __aeabi_fsub
                0x001002fc                __aeabi_fadd
                0x001002fc                __addsf3
                0x0010048c                __aeabi_ui2f
                0x0010048c                __floatunsisf
                0x00100494                __aeabi_i2f
                0x00100494                __floatsisf
                0x001004b4                __aeabi_ul2f
                0x001004b4                __floatundisf
                0x001004c4                __aeabi_l2f
                0x001004c4                __floatdisf
 .text          0x00100540       0xd4 C:/devkitPro/devkitARM/bin/../lib/gcc/arm-none-eabi/16.1.0/armv6k/fpu\libgcc.a(_aeabi_ldivmod.o)
                0x00100540                __aeabi_ldivmod
 .text          0x00100614       0x3c C:/devkitPro/devkitARM/bin/../lib/gcc/arm-none-eabi/16.1.0/armv6k/fpu\libgcc.a(_aeabi_uldivmod.o)
                0x00100614                __aeabi_uldivmod
 *fill*         0x00100650       0x10 
 .text          0x00100660      0x390 C:/devkitPro/devkitARM/bin/../lib/gcc/arm-none-eabi/16.1.0/../../../../arm-none-eabi/lib/armv6k/fpu\libg.a(libc_a-strcmp.o)
                0x00100668                strcmp
 .text          0x001009f0      0x20c C:/devkitPro/devkitARM/bin/../lib/gcc/arm-none-eabi/16.1.0/armv6k/fpu\libgcc.a(_udivsi3.o)
                0x001009f0                __aeabi_uidiv
                0x001009f0                __udivsi3
                0x00100bdc                __aeabi_uidivmod
 *(.text.*)
 .text.__do_global_dtors_aux
                0x00100bfc       0x50 C:/devkitPro/devkitARM/bin/../lib/gcc/arm-none-eabi/16.1.0/armv6k/fpu/crtbegin.o
 .text.frame_dummy
                0x00100c4c       0x2c C:/devkitPro/devkitARM/bin/../lib/gcc/arm-none-eabi/16.1.0/armv6k/fpu/crtbegin.o
 .text._ZN12InputManagerD2Ev
                0x00100c78        0x4 main.o
                0x00100c78                InputManager::~InputManager()
                0x00100c78                InputManager::~InputManager()
 .text._ZN12InputManagerD0Ev
                0x00100c7c       0x1c main.o
                0x00100c7c                InputManager::~InputManager()
 .text.startup.main
                0x00100c98       0x98 main.o
                0x00100c98                main
 .text._ZN12InputManager6UpdateEf
                0x00100d30       0x18 InputManager.o
                0x00100d30                InputManager::Update(float)
 .text._ZN5TimerC2Ev
                0x00100d48       0x20 Timer.o
                0x00100d48                Timer::Timer()
                0x00100d48                Timer::Timer()
 .text._ZN5Timer4TickEv
                0x00100d68       0x54 Timer.o
                0x00100d68                Timer::Tick()
 .text.consoleDrawChar
                0x00100dbc      0x1c8 C:/devkitPro/libctru/lib\libctru.a(console.o)
                0x00100dbc                consoleDrawChar
 .text.consolePrintChar
                0x00100f84      0x170 C:/devkitPro/libctru/lib\libctru.a(console.o)
                0x00100f84                consolePrintChar
 .text.con_write
                0x001010f4      0xcc8 C:/devkitPro/libctru/lib\libctru.a(console.o)
                0x001010f4                con_write
 .text.newRow   0x00101dbc       0xfc C:/devkitPro/libctru/lib\libctru.a(console.o)
 .text.consoleInit
                0x00101eb8      0x180 C:/devkitPro/libctru/lib\libctru.a(console.o)
                0x00101eb8                consoleInit
 .text.gfxPresentFramebuffer
                0x00102038       0xcc C:/devkitPro/libctru/lib\libctru.a(gfx.o)
 .text.gfxIsWide
                0x00102104       0x1c C:/devkitPro/libctru/lib\libctru.a(gfx.o)
                0x00102104                gfxIsWide
 .text.gfxSetScreenFormat
                0x00102120       0xf8 C:/devkitPro/libctru/lib\libctru.a(gfx.o)
                0x00102120                gfxSetScreenFormat
 .text.gfxSetDoubleBuffering
                0x00102218       0x10 C:/devkitPro/libctru/lib\libctru.a(gfx.o)
                0x00102218                gfxSetDoubleBuffering
 .text.gfxInit  0x00102228       0xd8 C:/devkitPro/libctru/lib\libctru.a(gfx.o)
                0x00102228                gfxInit
 .text.gfxInitDefault
                0x00102300       0x10 C:/devkitPro/libctru/lib\libctru.a(gfx.o)
                0x00102300                gfxInitDefault
 .text.gfxExit  0x00102310       0xb8 C:/devkitPro/libctru/lib\libctru.a(gfx.o)
                0x00102310                gfxExit
 .text.gfxGetFramebuffer
                0x001023c8       0xa0 C:/devkitPro/libctru/lib\libctru.a(gfx.o)
                0x001023c8                gfxGetFramebuffer
 .text.gfxFlushBuffers
                0x00102468      0x100 C:/devkitPro/libctru/lib\libctru.a(gfx.o)
                0x00102468                gfxFlushBuffers
 .text.gfxSwapBuffers
                0x00102568       0x50 C:/devkitPro/libctru/lib\libctru.a(gfx.o)
                0x00102568                gfxSwapBuffers
 .text.gfxSwapBuffersGpu
                0x001025b8       0x50 C:/devkitPro/libctru/lib\libctru.a(gfx.o)
                0x001025b8                gfxSwapBuffersGpu
 .text.osGetTimeRef
                0x00102608       0x54 C:/devkitPro/libctru/lib\libctru.a(os.o)
                0x00102608                osGetTimeRef
 .text.osGetTime
                0x0010265c       0xec C:/devkitPro/libctru/lib\libctru.a(os.o)
                0x0010265c                osGetTime
 .text.__ctru_speedup_config
                0x00102748       0x34 C:/devkitPro/libctru/lib\libctru.a(os.o)
                0x00102748                __ctru_speedup_config
 .text.aptConvertScreenForCapture
                0x0010277c      0x180 C:/devkitPro/libctru/lib\libctru.a(apt.o)
 .text.aptDspSleep
                0x001028fc        0x8 C:/devkitPro/libctru/lib\libctru.a(apt.o)
                0x001028fc                aptDspSleep
 .text.aptDspWakeup
                0x00102904        0x4 C:/devkitPro/libctru/lib\libctru.a(apt.o)
                0x00102904                aptDspWakeup
 .text.aptDspCancel
                0x00102908        0x4 C:/devkitPro/libctru/lib\libctru.a(apt.o)
                0x00102908                aptDspCancel
 .text.aptSendCommand
                0x0010290c      0x138 C:/devkitPro/libctru/lib\libctru.a(apt.o)
                0x0010290c                aptSendCommand
 *fill*         0x00102a44        0x4 
 .text.aptExitProcess
                0x00102a48       0x44 C:/devkitPro/libctru/lib\libctru.a(apt.o)
 .text.aptExit  0x00102a8c      0x394 C:/devkitPro/libctru/lib\libctru.a(apt.o)
                0x00102a8c                aptExit
 .text.aptHandleSleep
                0x00102e20       0xd8 C:/devkitPro/libctru/lib\libctru.a(apt.o)
                0x00102e20                aptHandleSleep
 .text.APT_SleepIfShellClosed
                0x00102ef8       0x84 C:/devkitPro/libctru/lib\libctru.a(apt.o)
                0x00102ef8                APT_SleepIfShellClosed
 .text.aptSetSleepAllowed
                0x00102f7c       0x78 C:/devkitPro/libctru/lib\libctru.a(apt.o)
                0x00102f7c                aptSetSleepAllowed
 .text.APT_UnlockTransition
                0x00102ff4       0x84 C:/devkitPro/libctru/lib\libctru.a(apt.o)
                0x00102ff4                APT_UnlockTransition
 .text.aptEventHandler
                0x00103078      0x470 C:/devkitPro/libctru/lib\libctru.a(apt.o)
 .text.APT_ReceiveParameter
                0x001034e8       0xbc C:/devkitPro/libctru/lib\libctru.a(apt.o)
                0x001034e8                APT_ReceiveParameter
 .text.aptReceiveParameter.constprop.0
                0x001035a4       0xb0 C:/devkitPro/libctru/lib\libctru.a(apt.o)
 *fill*         0x00103654        0x4 
 .text.aptScreenTransfer
                0x00103658      0x294 C:/devkitPro/libctru/lib\libctru.a(apt.o)
 .text.aptWaitForWakeUp.isra.0
                0x001038ec      0x2d0 C:/devkitPro/libctru/lib\libctru.a(apt.o)
 .text.aptJumpToHomeMenu
                0x00103bbc       0xf4 C:/devkitPro/libctru/lib\libctru.a(apt.o)
                0x00103bbc                aptJumpToHomeMenu
 .text.aptMainLoop
                0x00103cb0       0x58 C:/devkitPro/libctru/lib\libctru.a(apt.o)
                0x00103cb0                aptMainLoop
 .text.aptInit  0x00103d08      0x240 C:/devkitPro/libctru/lib\libctru.a(apt.o)
                0x00103d08                aptInit
 .text.APT_CheckNew3DS
                0x00103f48       0x90 C:/devkitPro/libctru/lib\libctru.a(apt.o)
                0x00103f48                APT_CheckNew3DS
 .text.gspHardwareInit
                0x00103fd8      0xc70 C:/devkitPro/libctru/lib\libctru.a(gspgpu.o)
 .text.gspInit  0x00104c48      0x288 C:/devkitPro/libctru/lib\libctru.a(gspgpu.o)
                0x00104c48                gspInit
 .text.gspExit  0x00104ed0      0x104 C:/devkitPro/libctru/lib\libctru.a(gspgpu.o)
                0x00104ed0                gspExit
 .text.gspHasGpuRight
                0x00104fd4       0x10 C:/devkitPro/libctru/lib\libctru.a(gspgpu.o)
                0x00104fd4                gspHasGpuRight
 .text.gspPresentBuffer
                0x00104fe4       0xa4 C:/devkitPro/libctru/lib\libctru.a(gspgpu.o)
                0x00104fe4                gspPresentBuffer
 .text.gspWaitForEvent
                0x00105088       0x50 C:/devkitPro/libctru/lib\libctru.a(gspgpu.o)
                0x00105088                gspWaitForEvent
 .text.gxCmdQueueInterrupt
                0x001050d8        0x4 C:/devkitPro/libctru/lib\libctru.a(gspgpu.o)
                0x001050d8                gxCmdQueueInterrupt
 .text.gspEventThreadMain
                0x001050dc      0x154 C:/devkitPro/libctru/lib\libctru.a(gspgpu.o)
 .text.GSPGPU_FlushDataCache
                0x00105230       0x50 C:/devkitPro/libctru/lib\libctru.a(gspgpu.o)
                0x00105230                GSPGPU_FlushDataCache
 .text.GSPGPU_SetLcdForceBlack
                0x00105280       0x34 C:/devkitPro/libctru/lib\libctru.a(gspgpu.o)
                0x00105280                GSPGPU_SetLcdForceBlack
 .text.GSPGPU_AcquireRight
                0x001052b4       0x84 C:/devkitPro/libctru/lib\libctru.a(gspgpu.o)
                0x001052b4                GSPGPU_AcquireRight
 .text.GSPGPU_ReleaseRight
                0x00105338       0x64 C:/devkitPro/libctru/lib\libctru.a(gspgpu.o)
                0x00105338                GSPGPU_ReleaseRight
 .text.GSPGPU_ImportDisplayCaptureInfo
                0x0010539c       0x7c C:/devkitPro/libctru/lib\libctru.a(gspgpu.o)
                0x0010539c                GSPGPU_ImportDisplayCaptureInfo
 .text.GSPGPU_SaveVramSysArea
                0x00105418       0x2c C:/devkitPro/libctru/lib\libctru.a(gspgpu.o)
                0x00105418                GSPGPU_SaveVramSysArea
 .text.GSPGPU_RestoreVramSysArea
                0x00105444       0x2c C:/devkitPro/libctru/lib\libctru.a(gspgpu.o)
                0x00105444                GSPGPU_RestoreVramSysArea
 .text.hidShouldUseIrrst
                0x00105470       0x24 C:/devkitPro/libctru/lib\libctru.a(hid.o)
                0x00105470                hidShouldUseIrrst
 .text.hidInit  0x00105494      0x1cc C:/devkitPro/libctru/lib\libctru.a(hid.o)
                0x00105494                hidInit
 .text.hidExit  0x00105660       0xe8 C:/devkitPro/libctru/lib\libctru.a(hid.o)
                0x00105660                hidExit
 .text.hidScanInput
                0x00105748      0x2a0 C:/devkitPro/libctru/lib\libctru.a(hid.o)
                0x00105748                hidScanInput
 .text.hidKeysDown
                0x001059e8       0x10 C:/devkitPro/libctru/lib\libctru.a(hid.o)
                0x001059e8                hidKeysDown
 .text.irrstInit
                0x001059f8      0x1a4 C:/devkitPro/libctru/lib\libctru.a(irrst.o)
                0x001059f8                irrstInit
 .text.irrstExit
                0x00105b9c       0xdc C:/devkitPro/libctru/lib\libctru.a(irrst.o)
                0x00105b9c                irrstExit
 .text.irrstScanInput
                0x00105c78       0xb4 C:/devkitPro/libctru/lib\libctru.a(irrst.o)
                0x00105c78                irrstScanInput
 .text.irrstKeysHeld
                0x00105d2c       0x24 C:/devkitPro/libctru/lib\libctru.a(irrst.o)
                0x00105d2c                irrstKeysHeld
 .text.ptmSysmInit
                0x00105d50       0x78 C:/devkitPro/libctru/lib\libctru.a(ptmsysm.o)
                0x00105d50                ptmSysmInit
 .text.ptmSysmExit
                0x00105dc8       0x3c C:/devkitPro/libctru/lib\libctru.a(ptmsysm.o)
                0x00105dc8                ptmSysmExit
 .text.PTMSYSM_ConfigureNew3DSCPU
                0x00105e04       0x34 C:/devkitPro/libctru/lib\libctru.a(ptmsysm.o)
                0x00105e04                PTMSYSM_ConfigureNew3DSCPU
 .text.__libctru_init
                0x00105e38       0x38 C:/devkitPro/libctru/lib\libctru.a(ctru_init.o)
                0x00105e38                __libctru_init
 .text.__system_initArgv
                0x00105e70      0x16c C:/devkitPro/libctru/lib\libctru.a(initArgv.o)
                0x00105e70                __system_initArgv
 .text.__syscall_getreent
                0x00105fdc       0x30 C:/devkitPro/libctru/lib\libctru.a(syscalls.o)
                0x00105fdc                __syscall_getreent
 .text.__syscall_lock_acquire
                0x0010600c        0x4 C:/devkitPro/libctru/lib\libctru.a(syscalls.o)
                0x0010600c                __syscall_lock_acquire
 .text.__syscall_lock_release
                0x00106010        0x4 C:/devkitPro/libctru/lib\libctru.a(syscalls.o)
                0x00106010                __syscall_lock_release
 .text.__syscall_lock_acquire_recursive
                0x00106014        0x4 C:/devkitPro/libctru/lib\libctru.a(syscalls.o)
                0x00106014                __syscall_lock_acquire_recursive
 .text.__syscall_lock_release_recursive
                0x00106018        0x4 C:/devkitPro/libctru/lib\libctru.a(syscalls.o)
                0x00106018                __syscall_lock_release_recursive
 .text.__syscall_exit
                0x0010601c        0x4 C:/devkitPro/libctru/lib\libctru.a(syscalls.o)
                0x0010601c                __syscall_exit
 .text.initThreadVars
                0x00106020       0x54 C:/devkitPro/libctru/lib\libctru.a(syscalls.o)
                0x00106020                initThreadVars
 .text.__system_initSyscalls
                0x00106074       0x80 C:/devkitPro/libctru/lib\libctru.a(syscalls.o)
                0x00106074                __system_initSyscalls
 .text.svcControlMemory
                0x001060f4       0x20 C:/devkitPro/libctru/lib\libctru.a(svc.o)
                0x001060f4                svcControlMemory
 .text.svcQueryMemory
                0x00106114       0x30 C:/devkitPro/libctru/lib\libctru.a(svc.o)
                0x00106114                svcQueryMemory
 .text.svcExitProcess
                0x00106144        0x8 C:/devkitPro/libctru/lib\libctru.a(svc.o)
                0x00106144                svcExitProcess
 .text.svcCreateThread
                0x0010614c       0x20 C:/devkitPro/libctru/lib\libctru.a(svc.o)
                0x0010614c                svcCreateThread
 .text.svcExitThread
                0x0010616c        0x8 C:/devkitPro/libctru/lib\libctru.a(svc.o)
                0x0010616c                svcExitThread
 .text.svcSleepThread
                0x00106174        0x8 C:/devkitPro/libctru/lib\libctru.a(svc.o)
                0x00106174                svcSleepThread
 .text.svcReleaseMutex
                0x0010617c        0x8 C:/devkitPro/libctru/lib\libctru.a(svc.o)
                0x0010617c                svcReleaseMutex
 .text.svcCreateEvent
                0x00106184       0x14 C:/devkitPro/libctru/lib\libctru.a(svc.o)
                0x00106184                svcCreateEvent
 .text.svcSignalEvent
                0x00106198        0x8 C:/devkitPro/libctru/lib\libctru.a(svc.o)
                0x00106198                svcSignalEvent
 .text.svcClearEvent
                0x001061a0        0x8 C:/devkitPro/libctru/lib\libctru.a(svc.o)
                0x001061a0                svcClearEvent
 .text.svcMapMemoryBlock
                0x001061a8        0x8 C:/devkitPro/libctru/lib\libctru.a(svc.o)
                0x001061a8                svcMapMemoryBlock
 .text.svcUnmapMemoryBlock
                0x001061b0        0x8 C:/devkitPro/libctru/lib\libctru.a(svc.o)
                0x001061b0                svcUnmapMemoryBlock
 .text.svcCreateAddressArbiter
                0x001061b8       0x14 C:/devkitPro/libctru/lib\libctru.a(svc.o)
                0x001061b8                svcCreateAddressArbiter
 .text.svcArbitrateAddressNoTimeout
                0x001061cc        0x8 C:/devkitPro/libctru/lib\libctru.a(svc.o)
                0x001061cc                svcArbitrateAddressNoTimeout
 .text.svcCloseHandle
                0x001061d4        0x8 C:/devkitPro/libctru/lib\libctru.a(svc.o)
                0x001061d4                svcCloseHandle
 .text.svcWaitSynchronization
                0x001061dc        0x8 C:/devkitPro/libctru/lib\libctru.a(svc.o)
                0x001061dc                svcWaitSynchronization
 .text.svcWaitSynchronizationN
                0x001061e4       0x28 C:/devkitPro/libctru/lib\libctru.a(svc.o)
                0x001061e4                svcWaitSynchronizationN
 .text.svcDuplicateHandle
                0x0010620c       0x14 C:/devkitPro/libctru/lib\libctru.a(svc.o)
                0x0010620c                svcDuplicateHandle
 .text.svcGetSystemTick
                0x00106220        0x8 C:/devkitPro/libctru/lib\libctru.a(svc.o)
                0x00106220                svcGetSystemTick
 .text.svcConnectToPort
                0x00106228       0x14 C:/devkitPro/libctru/lib\libctru.a(svc.o)
                0x00106228                svcConnectToPort
 .text.svcSendSyncRequest
                0x0010623c        0x8 C:/devkitPro/libctru/lib\libctru.a(svc.o)
                0x0010623c                svcSendSyncRequest
 .text.svcGetResourceLimit
                0x00106244       0x14 C:/devkitPro/libctru/lib\libctru.a(svc.o)
                0x00106244                svcGetResourceLimit
 .text.svcGetResourceLimitLimitValues
                0x00106258        0x8 C:/devkitPro/libctru/lib\libctru.a(svc.o)
                0x00106258                svcGetResourceLimitLimitValues
 .text.svcGetResourceLimitCurrentValues
                0x00106260        0x8 C:/devkitPro/libctru/lib\libctru.a(svc.o)
                0x00106260                svcGetResourceLimitCurrentValues
 .text.svcBreak
                0x00106268        0x8 C:/devkitPro/libctru/lib\libctru.a(svc.o)
                0x00106268                svcBreak
 .text.initSystem
                0x00106270       0x50 C:/devkitPro/libctru/lib\libctru.a(stack_adjust.o)
                0x00106270                initSystem
 .text.__ctru_exit
                0x001062c0       0x14 C:/devkitPro/libctru/lib\libctru.a(stack_adjust.o)
                0x001062c0                __ctru_exit
 .text._ZL21addrMapNodeComparatorPK11rbtree_nodeS1_
                0x001062d4       0x24 C:/devkitPro/libctru/lib\libctru.a(linear.o)
 .text._ZL21addrMapNodeDestructorP11rbtree_node
                0x001062f8        0x4 C:/devkitPro/libctru/lib\libctru.a(linear.o)
 .text.linearMemAlign
                0x001062fc      0x12c C:/devkitPro/libctru/lib\libctru.a(linear.o)
                0x001062fc                linearMemAlign
 .text.linearAlloc
                0x00106428        0x8 C:/devkitPro/libctru/lib\libctru.a(linear.o)
                0x00106428                linearAlloc
 .text.linearFree
                0x00106430       0x5c C:/devkitPro/libctru/lib\libctru.a(linear.o)
                0x00106430                linearFree
 .text._ZN7MemPool13CoalesceRightEP8MemBlock
                0x0010648c       0x88 C:/devkitPro/libctru/lib\libctru.a(mem_pool.o)
                0x0010648c                MemPool::CoalesceRight(MemBlock*)
 .text._ZN7MemPool8AllocateER8MemChunkmi
                0x00106514      0x178 C:/devkitPro/libctru/lib\libctru.a(mem_pool.o)
                0x00106514                MemPool::Allocate(MemChunk&, unsigned long, int)
 .text._ZN7MemPool10DeallocateERK8MemChunk
                0x0010668c      0x118 C:/devkitPro/libctru/lib\libctru.a(mem_pool.o)
                0x0010668c                MemPool::Deallocate(MemChunk const&)
 .text._ZN7MemPool12GetFreeSpaceEv
                0x001067a4       0x30 C:/devkitPro/libctru/lib\libctru.a(mem_pool.o)
                0x001067a4                MemPool::GetFreeSpace()
 .text._ZL21addrMapNodeComparatorPK11rbtree_nodeS1_
                0x001067d4       0x24 C:/devkitPro/libctru/lib\libctru.a(vram.o)
 .text._ZL21addrMapNodeDestructorP11rbtree_node
                0x001067f8        0x4 C:/devkitPro/libctru/lib\libctru.a(vram.o)
 .text.vramMemAlignAt
                0x001067fc      0x248 C:/devkitPro/libctru/lib\libctru.a(vram.o)
                0x001067fc                vramMemAlignAt
 .text.vramAlloc
                0x00106a44        0xc C:/devkitPro/libctru/lib\libctru.a(vram.o)
                0x00106a44                vramAlloc
 .text.vramFree
                0x00106a50       0x94 C:/devkitPro/libctru/lib\libctru.a(vram.o)
                0x00106a50                vramFree
 .text.envGetHandle
                0x00106ae4       0x8c C:/devkitPro/libctru/lib\libctru.a(env.o)
                0x00106ae4                envGetHandle
 .text.envDestroyHandles
                0x00106b70       0x50 C:/devkitPro/libctru/lib\libctru.a(env.o)
                0x00106b70                envDestroyHandles
 .text.srvInit  0x00106bc0      0x164 C:/devkitPro/libctru/lib\libctru.a(srv.o)
                0x00106bc0                srvInit
 .text.srvExit  0x00106d24       0x64 C:/devkitPro/libctru/lib\libctru.a(srv.o)
                0x00106d24                srvExit
 .text.srvEnableNotification
                0x00106d88       0x60 C:/devkitPro/libctru/lib\libctru.a(srv.o)
                0x00106d88                srvEnableNotification
 .text.srvGetServiceHandleDirect
                0x00106de8       0xa0 C:/devkitPro/libctru/lib\libctru.a(srv.o)
                0x00106de8                srvGetServiceHandleDirect
 .text.srvGetServiceHandle
                0x00106e88       0x48 C:/devkitPro/libctru/lib\libctru.a(srv.o)
                0x00106e88                srvGetServiceHandle
 .text.srvSubscribe
                0x00106ed0       0x34 C:/devkitPro/libctru/lib\libctru.a(srv.o)
                0x00106ed0                srvSubscribe
 .text.srvReceiveNotification
                0x00106f04       0x60 C:/devkitPro/libctru/lib\libctru.a(srv.o)
                0x00106f04                srvReceiveNotification
 .text.srvPublishToSubscriber
                0x00106f64       0x38 C:/devkitPro/libctru/lib\libctru.a(srv.o)
                0x00106f64                srvPublishToSubscriber
 .text.__sync_init
                0x00106f9c        0xc C:/devkitPro/libctru/lib\libctru.a(synchronization.o)
                0x00106f9c                __sync_init
 .text.__sync_fini
                0x00106fa8       0x18 C:/devkitPro/libctru/lib\libctru.a(synchronization.o)
                0x00106fa8                __sync_fini
 .text.syncArbitrateAddress
                0x00106fc0       0x28 C:/devkitPro/libctru/lib\libctru.a(synchronization.o)
                0x00106fc0                syncArbitrateAddress
 .text.LightLock_Lock
                0x00106fe8       0xac C:/devkitPro/libctru/lib\libctru.a(synchronization.o)
                0x00106fe8                LightLock_Lock
 .text.LightLock_Unlock
                0x00107094       0x40 C:/devkitPro/libctru/lib\libctru.a(synchronization.o)
                0x00107094                LightLock_Unlock
 .text.RecursiveLock_Lock
                0x001070d4       0x54 C:/devkitPro/libctru/lib\libctru.a(synchronization.o)
                0x001070d4                RecursiveLock_Lock
 .text.RecursiveLock_Unlock
                0x00107128       0x54 C:/devkitPro/libctru/lib\libctru.a(synchronization.o)
                0x00107128                RecursiveLock_Unlock
 .text.LightEvent_Init
                0x0010717c       0x44 C:/devkitPro/libctru/lib\libctru.a(synchronization.o)
                0x0010717c                LightEvent_Init
 .text.LightEvent_Clear
                0x001071c0       0xb8 C:/devkitPro/libctru/lib\libctru.a(synchronization.o)
                0x001071c0                LightEvent_Clear
 .text.LightEvent_Signal
                0x00107278       0xdc C:/devkitPro/libctru/lib\libctru.a(synchronization.o)
                0x00107278                LightEvent_Signal
 .text.LightEvent_TryWait
                0x00107354       0x50 C:/devkitPro/libctru/lib\libctru.a(synchronization.o)
                0x00107354                LightEvent_TryWait
 .text.LightEvent_Wait
                0x001073a4       0xac C:/devkitPro/libctru/lib\libctru.a(synchronization.o)
                0x001073a4                LightEvent_Wait
 .text.threadCreate
                0x00107450      0x1fc C:/devkitPro/libctru/lib\libctru.a(thread.o)
                0x00107450                threadCreate
 .text.threadFree
                0x0010764c       0x38 C:/devkitPro/libctru/lib\libctru.a(thread.o)
                0x0010764c                threadFree
 .text.threadJoin
                0x00107684       0x24 C:/devkitPro/libctru/lib\libctru.a(thread.o)
                0x00107684                threadJoin
 .text.threadGetCurrent
                0x001076a8       0x30 C:/devkitPro/libctru/lib\libctru.a(thread.o)
                0x001076a8                threadGetCurrent
 .text.threadExit
                0x001076d8       0x40 C:/devkitPro/libctru/lib\libctru.a(thread.o)
                0x001076d8                threadExit
 .text._thread_begin
                0x00107718       0x20 C:/devkitPro/libctru/lib\libctru.a(thread.o)
 .text.mappableFindAddressWithin
                0x00107738       0x90 C:/devkitPro/libctru/lib\libctru.a(mappable.o)
 .text.mappableInit
                0x001077c8       0x28 C:/devkitPro/libctru/lib\libctru.a(mappable.o)
                0x001077c8                mappableInit
 .text.mappableAlloc
                0x001077f0       0x7c C:/devkitPro/libctru/lib\libctru.a(mappable.o)
                0x001077f0                mappableAlloc
 .text.mappableFree
                0x0010786c        0x4 C:/devkitPro/libctru/lib\libctru.a(mappable.o)
                0x0010786c                mappableFree
 .text.srvPmGetSessionHandle
                0x00107870        0xc C:/devkitPro/libctru/lib\libctru.a(srvpm.o)
                0x00107870                srvPmGetSessionHandle
 .text.rbtree_find
                0x0010787c       0x74 C:/devkitPro/libctru/lib\libctru.a(rbtree_find.o)
                0x0010787c                rbtree_find
 .text.rbtree_init
                0x001078f0       0x10 C:/devkitPro/libctru/lib\libctru.a(rbtree_init.o)
                0x001078f0                rbtree_init
 .text.do_insert
                0x00107900      0x198 C:/devkitPro/libctru/lib\libctru.a(rbtree_insert.o)
 .text.rbtree_insert
                0x00107a98        0x8 C:/devkitPro/libctru/lib\libctru.a(rbtree_insert.o)
                0x00107a98                rbtree_insert
 .text.rbtree_remove
                0x00107aa0      0x310 C:/devkitPro/libctru/lib\libctru.a(rbtree_remove.o)
                0x00107aa0                rbtree_remove
 .text.rbtree_rotate
                0x00107db0       0x90 C:/devkitPro/libctru/lib\libctru.a(rbtree_rotate.o)
                0x00107db0                rbtree_rotate
 .text.__system_allocateHeaps
                0x00107e40      0x1e8 C:/devkitPro/libctru/lib\libctru.a(allocateHeaps.o)
                0x00107e40                __system_allocateHeaps
 .text.__appExit
                0x00108028       0x30 C:/devkitPro/libctru/lib\libctru.a(appExit.o)
                0x00108028                __appExit
 .text.__appInit
                0x00108058       0x30 C:/devkitPro/libctru/lib\libctru.a(appInit.o)
                0x00108058                __appInit
 .text.__libctru_exit
                0x00108088       0x90 C:/devkitPro/libctru/lib\libctru.a(ctru_exit.o)
                0x00108088                __libctru_exit
 .text.error_cmp
                0x00108118       0x24 C:/devkitPro/libctru/lib\libctru.a(archive_dev.o)
 .text.archive_translate_error
                0x0010813c       0x50 C:/devkitPro/libctru/lib\libctru.a(archive_dev.o)
 .text.archive_seek
                0x0010818c       0xc0 C:/devkitPro/libctru/lib\libctru.a(archive_dev.o)
 .text._archiveInit.part.0
                0x0010824c       0x78 C:/devkitPro/libctru/lib\libctru.a(archive_dev.o)
 .text.archiveFindDevice.part.0
                0x001082c4      0x110 C:/devkitPro/libctru/lib\libctru.a(archive_dev.o)
 .text.archive_utf16path
                0x001083d4      0x298 C:/devkitPro/libctru/lib\libctru.a(archive_dev.o)
 .text._archiveUnmountDeviceStruct.part.0
                0x0010866c       0x98 C:/devkitPro/libctru/lib\libctru.a(archive_dev.o)
 .text._archiveMountDevice
                0x00108704      0x178 C:/devkitPro/libctru/lib\libctru.a(archive_dev.o)
 .text.archive_diropen
                0x0010887c       0xf8 C:/devkitPro/libctru/lib\libctru.a(archive_dev.o)
 .text.archive_fstat
                0x00108974       0xac C:/devkitPro/libctru/lib\libctru.a(archive_dev.o)
 .text.archive_fsync
                0x00108a20       0x74 C:/devkitPro/libctru/lib\libctru.a(archive_dev.o)
 .text.archive_close
                0x00108a94       0x74 C:/devkitPro/libctru/lib\libctru.a(archive_dev.o)
 .text.archive_dirclose
                0x00108b08       0x78 C:/devkitPro/libctru/lib\libctru.a(archive_dev.o)
 .text.sdmc_statvfs
                0x00108b80       0xec C:/devkitPro/libctru/lib\libctru.a(archive_dev.o)
 .text.archive_chdir
                0x00108c6c       0xf8 C:/devkitPro/libctru/lib\libctru.a(archive_dev.o)
 .text.archive_ftruncate
                0x00108d64       0x8c C:/devkitPro/libctru/lib\libctru.a(archive_dev.o)
 .text.archive_read
                0x00108df0       0xbc C:/devkitPro/libctru/lib\libctru.a(archive_dev.o)
 .text.archive_unlink
                0x00108eac       0xa8 C:/devkitPro/libctru/lib\libctru.a(archive_dev.o)
 .text.archive_rmdir
                0x00108f54       0xc0 C:/devkitPro/libctru/lib\libctru.a(archive_dev.o)
 .text.archive_mkdir
                0x00109014       0xd8 C:/devkitPro/libctru/lib\libctru.a(archive_dev.o)
 .text.archive_stat
                0x001090ec      0x1a0 C:/devkitPro/libctru/lib\libctru.a(archive_dev.o)
 .text.archive_dirnext
                0x0010928c      0x164 C:/devkitPro/libctru/lib\libctru.a(archive_dev.o)
 .text.archive_write
                0x001093f0      0x13c C:/devkitPro/libctru/lib\libctru.a(archive_dev.o)
 *fill*         0x0010952c        0x4 
 .text.archive_open
                0x00109530      0x254 C:/devkitPro/libctru/lib\libctru.a(archive_dev.o)
 .text.archive_rename
                0x00109784      0x270 C:/devkitPro/libctru/lib\libctru.a(archive_dev.o)
 .text.archiveMountSdmc
                0x001099f4      0x1c8 C:/devkitPro/libctru/lib\libctru.a(archive_dev.o)
                0x001099f4                archiveMountSdmc
 .text.archiveUnmountAll
                0x00109bbc       0x54 C:/devkitPro/libctru/lib\libctru.a(archive_dev.o)
                0x00109bbc                archiveUnmountAll
 .text.fsInit   0x00109c10      0x104 C:/devkitPro/libctru/lib\libctru.a(fs.o)
                0x00109c10                fsInit
 .text.fsExit   0x00109d14       0x3c C:/devkitPro/libctru/lib\libctru.a(fs.o)
                0x00109d14                fsExit
 .text.fsExemptFromSession
                0x00109d50       0x68 C:/devkitPro/libctru/lib\libctru.a(fs.o)
                0x00109d50                fsExemptFromSession
 .text.fsUnexemptFromSession
                0x00109db8       0x50 C:/devkitPro/libctru/lib\libctru.a(fs.o)
                0x00109db8                fsUnexemptFromSession
 .text.FSUSER_OpenFile
                0x00109e08       0xcc C:/devkitPro/libctru/lib\libctru.a(fs.o)
                0x00109e08                FSUSER_OpenFile
 .text.FSUSER_DeleteFile
                0x00109ed4       0xb8 C:/devkitPro/libctru/lib\libctru.a(fs.o)
                0x00109ed4                FSUSER_DeleteFile
 .text.FSUSER_RenameFile
                0x00109f8c       0xf4 C:/devkitPro/libctru/lib\libctru.a(fs.o)
                0x00109f8c                FSUSER_RenameFile
 .text.FSUSER_DeleteDirectory
                0x0010a080       0xb8 C:/devkitPro/libctru/lib\libctru.a(fs.o)
                0x0010a080                FSUSER_DeleteDirectory
 .text.FSUSER_CreateFile
                0x0010a138       0xd0 C:/devkitPro/libctru/lib\libctru.a(fs.o)
                0x0010a138                FSUSER_CreateFile
 .text.FSUSER_CreateDirectory
                0x0010a208       0xc0 C:/devkitPro/libctru/lib\libctru.a(fs.o)
                0x0010a208                FSUSER_CreateDirectory
 .text.FSUSER_RenameDirectory
                0x0010a2c8       0xf4 C:/devkitPro/libctru/lib\libctru.a(fs.o)
                0x0010a2c8                FSUSER_RenameDirectory
 .text.FSUSER_OpenDirectory
                0x0010a3bc       0xb4 C:/devkitPro/libctru/lib\libctru.a(fs.o)
                0x0010a3bc                FSUSER_OpenDirectory
 .text.FSUSER_OpenArchive
                0x0010a470       0x90 C:/devkitPro/libctru/lib\libctru.a(fs.o)
                0x0010a470                FSUSER_OpenArchive
 .text.FSUSER_CloseArchive
                0x0010a500       0x8c C:/devkitPro/libctru/lib\libctru.a(fs.o)
                0x0010a500                FSUSER_CloseArchive
 .text.FSUSER_GetSdmcArchiveResource
                0x0010a58c       0x74 C:/devkitPro/libctru/lib\libctru.a(fs.o)
                0x0010a58c                FSUSER_GetSdmcArchiveResource
 .text.FSUSER_IsSdmcWritable
                0x0010a600       0x64 C:/devkitPro/libctru/lib\libctru.a(fs.o)
                0x0010a600                FSUSER_IsSdmcWritable
 .text.FSFILE_Read
                0x0010a664       0x64 C:/devkitPro/libctru/lib\libctru.a(fs.o)
                0x0010a664                FSFILE_Read
 .text.FSFILE_Write
                0x0010a6c8       0x6c C:/devkitPro/libctru/lib\libctru.a(fs.o)
                0x0010a6c8                FSFILE_Write
 .text.FSFILE_GetSize
                0x0010a734       0x44 C:/devkitPro/libctru/lib\libctru.a(fs.o)
                0x0010a734                FSFILE_GetSize
 .text.FSFILE_SetSize
                0x0010a778       0x28 C:/devkitPro/libctru/lib\libctru.a(fs.o)
                0x0010a778                FSFILE_SetSize
 .text.FSFILE_Close
                0x0010a7a0       0x3c C:/devkitPro/libctru/lib\libctru.a(fs.o)
                0x0010a7a0                FSFILE_Close
 .text.FSFILE_Flush
                0x0010a7dc       0x24 C:/devkitPro/libctru/lib\libctru.a(fs.o)
                0x0010a7dc                FSFILE_Flush
 .text.FSDIR_Read
                0x0010a800       0x60 C:/devkitPro/libctru/lib\libctru.a(fs.o)
                0x0010a800                FSDIR_Read
 .text.FSDIR_Close
                0x0010a860       0x3c C:/devkitPro/libctru/lib\libctru.a(fs.o)
                0x0010a860                FSDIR_Close
 .text.rbtree_node_next
                0x0010a89c       0x60 C:/devkitPro/libctru/lib\libctru.a(rbtree_iterator.o)
                0x0010a89c                rbtree_node_next
 .text.decode_utf8
                0x0010a8fc      0x140 C:/devkitPro/libctru/lib\libctru.a(decode_utf8.o)
                0x0010a8fc                decode_utf8
 .text.utf16_to_utf8
                0x0010aa3c       0xe8 C:/devkitPro/libctru/lib\libctru.a(utf16_to_utf8.o)
                0x0010aa3c                utf16_to_utf8
 .text.utf8_to_utf16
                0x0010ab24       0xc0 C:/devkitPro/libctru/lib\libctru.a(utf8_to_utf16.o)
                0x0010ab24                utf8_to_utf16
 .text.__aeabi_read_tp
                0x0010abe4        0xc C:/devkitPro/libctru/lib\libctru.a(readtp.o)
                0x0010abe4                __aeabi_read_tp
 .text.decode_utf16
                0x0010abf0       0x54 C:/devkitPro/libctru/lib\libctru.a(decode_utf16.o)
                0x0010abf0                decode_utf16
 .text.encode_utf16
                0x0010ac44       0x54 C:/devkitPro/libctru/lib\libctru.a(encode_utf16.o)
                0x0010ac44                encode_utf16
 .text.encode_utf8
                0x0010ac98       0xe0 C:/devkitPro/libctru/lib\libctru.a(encode_utf8.o)
                0x0010ac98                encode_utf8
 .text._ZdlPv   0x0010ad78        0x4 C:/devkitPro/devkitARM/bin/../lib/gcc/arm-none-eabi/16.1.0/../../../../arm-none-eabi/lib/armv6k/fpu\libstdc++.a(del_op.o)
                0x0010ad78                operator delete(void*)
 .text.__udivmoddi4
                0x0010ad7c      0x130 C:/devkitPro/devkitARM/bin/../lib/gcc/arm-none-eabi/16.1.0/armv6k/fpu\libgcc.a(_udivmoddi4.o)
                0x0010ad7c                __udivmoddi4
 .text.strncat  0x0010aeac       0xe4 C:/devkitPro/devkitARM/bin/../lib/gcc/arm-none-eabi/16.1.0/../../../../arm-none-eabi/lib/armv6k/fpu\libg.a(libc_a-strncat.o)
                0x0010aeac                strncat
 .text.memcpy   0x0010af90      0x128 C:/devkitPro/devkitARM/bin/../lib/gcc/arm-none-eabi/16.1.0/../../../../arm-none-eabi/lib/armv6k/fpu\libg.a(libc_a-memcpy-stub.o)
                0x0010af90                memcpy
 .text.strlen   0x0010b0b8       0x8c C:/devkitPro/devkitARM/bin/../lib/gcc/arm-none-eabi/16.1.0/../../../../arm-none-eabi/lib/armv6k/fpu\libg.a(libc_a-strlen.o)
                0x0010b0b8                strlen
 .text.bsearch  0x0010b144       0x78 C:/devkitPro/devkitARM/bin/../lib/gcc/arm-none-eabi/16.1.0/../../../../arm-none-eabi/lib/armv6k/fpu\libg.a(libc_a-bsearch.o)
                0x0010b144                bsearch
 .text.memalign
                0x0010b1bc       0x28 C:/devkitPro/devkitARM/bin/../lib/gcc/arm-none-eabi/16.1.0/../../../../arm-none-eabi/lib/armv6k/fpu\libg.a(libc_a-malign.o)
                0x0010b1bc                memalign
 .text.printf   0x0010b1e4       0x34 C:/devkitPro/devkitARM/bin/../lib/gcc/arm-none-eabi/16.1.0/../../../../arm-none-eabi/lib/armv6k/fpu\libg.a(libc_a-printf.o)
                0x0010b1e4                printf
 .text._strtoul_l.isra.0
                0x0010b218      0x1ec C:/devkitPro/devkitARM/bin/../lib/gcc/arm-none-eabi/16.1.0/../../../../arm-none-eabi/lib/armv6k/fpu\libg.a(libc_a-strtoul.o)
 .text.strtoul  0x0010b404       0x3c C:/devkitPro/devkitARM/bin/../lib/gcc/arm-none-eabi/16.1.0/../../../../arm-none-eabi/lib/armv6k/fpu\libg.a(libc_a-strtoul.o)
                0x0010b404                strtoul
 .text._memalign_r
                0x0010b440      0x16c C:/devkitPro/devkitARM/bin/../lib/gcc/arm-none-eabi/16.1.0/../../../../arm-none-eabi/lib/armv6k/fpu\libg.a(libc_a-malignr.o)
                0x0010b440                _memalign_r
 .text.__errno  0x0010b5ac        0xc C:/devkitPro/devkitARM/bin/../lib/gcc/arm-none-eabi/16.1.0/../../../../arm-none-eabi/lib/armv6k/fpu\libg.a(libc_a-errno.o)
                0x0010b5ac                __errno
 .text.memset   0x0010b5b8       0xe4 C:/devkitPro/devkitARM/bin/../lib/gcc/arm-none-eabi/16.1.0/../../../../arm-none-eabi/lib/armv6k/fpu\libg.a(libc_a-memset.o)
                0x0010b5b8                memset
 .text.__sflush_r
                0x0010b69c      0x22c C:/devkitPro/devkitARM/bin/../lib/gcc/arm-none-eabi/16.1.0/../../../../arm-none-eabi/lib/armv6k/fpu\libg.a(libc_a-fflush.o)
                0x0010b69c                __sflush_r
 .text._fflush_r
                0x0010b8c8       0xc4 C:/devkitPro/devkitARM/bin/../lib/gcc/arm-none-eabi/16.1.0/../../../../arm-none-eabi/lib/armv6k/fpu\libg.a(libc_a-fflush.o)
                0x0010b8c8                _fflush_r
 .text._malloc_r
                0x0010b98c      0x82c C:/devkitPro/devkitARM/bin/../lib/gcc/arm-none-eabi/16.1.0/../../../../arm-none-eabi/lib/armv6k/fpu\libg.a(libc_a-mallocr.o)
                0x0010b98c                _malloc_r
 .text._malloc_trim_r
                0x0010c1b8      0x114 C:/devkitPro/devkitARM/bin/../lib/gcc/arm-none-eabi/16.1.0/../../../../arm-none-eabi/lib/armv6k/fpu\libg.a(libc_a-freer.o)
                0x0010c1b8                _malloc_trim_r
 .text._free_r  0x0010c2cc      0x314 C:/devkitPro/devkitARM/bin/../lib/gcc/arm-none-eabi/16.1.0/../../../../arm-none-eabi/lib/armv6k/fpu\libg.a(libc_a-freer.o)
                0x0010c2cc                _free_r
 .text.setvbuf  0x0010c5e0      0x294 C:/devkitPro/devkitARM/bin/../lib/gcc/arm-none-eabi/16.1.0/../../../../arm-none-eabi/lib/armv6k/fpu\libg.a(libc_a-setvbuf.o)
                0x0010c5e0                setvbuf
 .text.stdio_exit_handler
                0x0010c874       0x1c C:/devkitPro/devkitARM/bin/../lib/gcc/arm-none-eabi/16.1.0/../../../../arm-none-eabi/lib/armv6k/fpu\libg.a(libc_a-findfp.o)
 .text.cleanup_stdio
                0x0010c890       0x5c C:/devkitPro/devkitARM/bin/../lib/gcc/arm-none-eabi/16.1.0/../../../../arm-none-eabi/lib/armv6k/fpu\libg.a(libc_a-findfp.o)
 .text.global_stdio_init.part.0
                0x0010c8ec      0x154 C:/devkitPro/devkitARM/bin/../lib/gcc/arm-none-eabi/16.1.0/../../../../arm-none-eabi/lib/armv6k/fpu\libg.a(libc_a-findfp.o)
 .text.__sinit  0x0010ca40       0x5c C:/devkitPro/devkitARM/bin/../lib/gcc/arm-none-eabi/16.1.0/../../../../arm-none-eabi/lib/armv6k/fpu\libg.a(libc_a-findfp.o)
                0x0010ca40                __sinit
 .text.__sfp_lock_acquire
                0x0010ca9c        0xc C:/devkitPro/devkitARM/bin/../lib/gcc/arm-none-eabi/16.1.0/../../../../arm-none-eabi/lib/armv6k/fpu\libg.a(libc_a-findfp.o)
                0x0010ca9c                __sfp_lock_acquire
 .text.__sfp_lock_release
                0x0010caa8        0xc C:/devkitPro/devkitARM/bin/../lib/gcc/arm-none-eabi/16.1.0/../../../../arm-none-eabi/lib/armv6k/fpu\libg.a(libc_a-findfp.o)
                0x0010caa8                __sfp_lock_release
 .text.__libc_init_array
                0x0010cab4       0x84 C:/devkitPro/devkitARM/bin/../lib/gcc/arm-none-eabi/16.1.0/../../../../arm-none-eabi/lib/armv6k/fpu\libg.a(libc_a-init.o)
                0x0010cab4                __libc_init_array
 .text.strncpy  0x0010cb38       0xd4 C:/devkitPro/devkitARM/bin/../lib/gcc/arm-none-eabi/16.1.0/../../../../arm-none-eabi/lib/armv6k/fpu\libg.a(libc_a-strncpy.o)
                0x0010cb38                strncpy
 .text.malloc   0x0010cc0c       0x40 C:/devkitPro/devkitARM/bin/../lib/gcc/arm-none-eabi/16.1.0/../../../../arm-none-eabi/lib/armv6k/fpu\libg.a(libc_a-malloc.o)
                0x0010cc0c                malloc
 .text.free     0x0010cc4c       0x20 C:/devkitPro/devkitARM/bin/../lib/gcc/arm-none-eabi/16.1.0/../../../../arm-none-eabi/lib/armv6k/fpu\libg.a(libc_a-malloc.o)
                0x0010cc4c                free
 .text.__sread  0x0010cc6c       0x44 C:/devkitPro/devkitARM/bin/../lib/gcc/arm-none-eabi/16.1.0/../../../../arm-none-eabi/lib/armv6k/fpu\libg.a(libc_a-stdio.o)
                0x0010cc6c                __sread
 .text.__swrite
                0x0010ccb0       0x68 C:/devkitPro/devkitARM/bin/../lib/gcc/arm-none-eabi/16.1.0/../../../../arm-none-eabi/lib/armv6k/fpu\libg.a(libc_a-stdio.o)
                0x0010ccb0                __swrite
 .text.__sseek  0x0010cd18       0x40 C:/devkitPro/devkitARM/bin/../lib/gcc/arm-none-eabi/16.1.0/../../../../arm-none-eabi/lib/armv6k/fpu\libg.a(libc_a-stdio.o)
                0x0010cd18                __sseek
 .text.__sclose
                0x0010cd58        0x8 C:/devkitPro/devkitARM/bin/../lib/gcc/arm-none-eabi/16.1.0/../../../../arm-none-eabi/lib/armv6k/fpu\libg.a(libc_a-stdio.o)
                0x0010cd58                __sclose
 .text.__malloc_lock
                0x0010cd60        0xc C:/devkitPro/devkitARM/bin/../lib/gcc/arm-none-eabi/16.1.0/../../../../arm-none-eabi/lib/armv6k/fpu\libg.a(libc_a-mlock.o)
                0x0010cd60                __malloc_lock
 .text.__malloc_unlock
                0x0010cd6c        0xc C:/devkitPro/devkitARM/bin/../lib/gcc/arm-none-eabi/16.1.0/../../../../arm-none-eabi/lib/armv6k/fpu\libg.a(libc_a-mlock.o)
                0x0010cd6c                __malloc_unlock
 .text._fclose_r
                0x0010cd78      0x148 C:/devkitPro/devkitARM/bin/../lib/gcc/arm-none-eabi/16.1.0/../../../../arm-none-eabi/lib/armv6k/fpu\libg.a(libc_a-fclose.o)
                0x0010cd78                _fclose_r
 .text.__call_exitprocs
                0x0010cec0        0x4 C:/devkitPro/devkitARM/bin/../lib/gcc/arm-none-eabi/16.1.0/../../../../arm-none-eabi/lib/armv6k/fpu\libg.a(libc_a-exit.o)
                0x0010cec0                __call_exitprocs
 .text.exit     0x0010cec4       0x30 C:/devkitPro/devkitARM/bin/../lib/gcc/arm-none-eabi/16.1.0/../../../../arm-none-eabi/lib/armv6k/fpu\libg.a(libc_a-exit.o)
                0x0010cec4                exit
 .text.__libc_fini_array
                0x0010cef4       0x3c C:/devkitPro/devkitARM/bin/../lib/gcc/arm-none-eabi/16.1.0/../../../../arm-none-eabi/lib/armv6k/fpu\libg.a(libc_a-fini.o)
                0x0010cef4                __libc_fini_array
 .text.strnlen  0x0010cf30       0x3c C:/devkitPro/devkitARM/bin/../lib/gcc/arm-none-eabi/16.1.0/../../../../arm-none-eabi/lib/armv6k/fpu\libg.a(libc_a-strnlen.o)
                0x0010cf30                strnlen
 .text.strncmp  0x0010cf6c       0xd8 C:/devkitPro/devkitARM/bin/../lib/gcc/arm-none-eabi/16.1.0/../../../../arm-none-eabi/lib/armv6k/fpu\libg.a(libc_a-strncmp.o)
                0x0010cf6c                strncmp
 .text._fwalk_sglue
                0x0010d044       0x70 C:/devkitPro/devkitARM/bin/../lib/gcc/arm-none-eabi/16.1.0/../../../../arm-none-eabi/lib/armv6k/fpu\libg.a(libc_a-fwalk.o)
                0x0010d044                _fwalk_sglue
 .text.get_arg  0x0010d0b4      0x5e0 C:/devkitPro/devkitARM/bin/../lib/gcc/arm-none-eabi/16.1.0/../../../../arm-none-eabi/lib/armv6k/fpu\libg.a(libc_a-vfprintf.o)
 *fill*         0x0010d694        0x4 
 .text._vfprintf_r
                0x0010d698     0x3554 C:/devkitPro/devkitARM/bin/../lib/gcc/arm-none-eabi/16.1.0/../../../../arm-none-eabi/lib/armv6k/fpu\libg.a(libc_a-vfprintf.o)
                0x0010d698                _vfprintf_r
 .text.__sbprintf
                0x00110bec       0xb4 C:/devkitPro/devkitARM/bin/../lib/gcc/arm-none-eabi/16.1.0/../../../../arm-none-eabi/lib/armv6k/fpu\libg.a(libc_a-vfprintf.o)
 .text._wcrtomb_r
                0x00110ca0       0xa0 C:/devkitPro/devkitARM/bin/../lib/gcc/arm-none-eabi/16.1.0/../../../../arm-none-eabi/lib/armv6k/fpu\libg.a(libc_a-wcrtomb.o)
                0x00110ca0                _wcrtomb_r
 .text.__smakebuf_r
                0x00110d40      0x164 C:/devkitPro/devkitARM/bin/../lib/gcc/arm-none-eabi/16.1.0/../../../../arm-none-eabi/lib/armv6k/fpu\libg.a(libc_a-makebuf.o)
                0x00110d40                __smakebuf_r
 .text.__swhatbuf_r
                0x00110ea4       0x90 C:/devkitPro/devkitARM/bin/../lib/gcc/arm-none-eabi/16.1.0/../../../../arm-none-eabi/lib/armv6k/fpu\libg.a(libc_a-makebuf.o)
                0x00110ea4                __swhatbuf_r
 .text.__locale_mb_cur_max
                0x00110f34       0x24 C:/devkitPro/devkitARM/bin/../lib/gcc/arm-none-eabi/16.1.0/../../../../arm-none-eabi/lib/armv6k/fpu\libg.a(libc_a-locale.o)
                0x00110f34                __locale_mb_cur_max
 .text.__sprint_r
                0x00110f58       0x30 C:/devkitPro/devkitARM/bin/../lib/gcc/arm-none-eabi/16.1.0/../../../../arm-none-eabi/lib/armv6k/fpu\libg.a(libc_a-sprint_r.o)
                0x00110f58                __sprint_r
 .text.quorem   0x00110f88      0x1c0 C:/devkitPro/devkitARM/bin/../lib/gcc/arm-none-eabi/16.1.0/../../../../arm-none-eabi/lib/armv6k/fpu\libg.a(libc_a-dtoa.o)
 .text._dtoa_r  0x00111148     0x1420 C:/devkitPro/devkitARM/bin/../lib/gcc/arm-none-eabi/16.1.0/../../../../arm-none-eabi/lib/armv6k/fpu\libg.a(libc_a-dtoa.o)
                0x00111148                _dtoa_r
 .text.memchr   0x00112568       0xe8 C:/devkitPro/devkitARM/bin/../lib/gcc/arm-none-eabi/16.1.0/../../../../arm-none-eabi/lib/armv6k/fpu\libg.a(libc_a-memchr-stub.o)
                0x00112568                memchr
 .text._wcsrtombs_r
                0x00112650       0x28 C:/devkitPro/devkitARM/bin/../lib/gcc/arm-none-eabi/16.1.0/../../../../arm-none-eabi/lib/armv6k/fpu\libg.a(libc_a-wcsrtombs.o)
                0x00112650                _wcsrtombs_r
 .text.__swsetup_r
                0x00112678      0x140 C:/devkitPro/devkitARM/bin/../lib/gcc/arm-none-eabi/16.1.0/../../../../arm-none-eabi/lib/armv6k/fpu\libg.a(libc_a-wsetup.o)
                0x00112678                __swsetup_r
 .text._localeconv_r
                0x001127b8       0x24 C:/devkitPro/devkitARM/bin/../lib/gcc/arm-none-eabi/16.1.0/../../../../arm-none-eabi/lib/armv6k/fpu\libg.a(libc_a-localeconv.o)
                0x001127b8                _localeconv_r
 .text.__utf8_wctomb
                0x001127dc       0xf8 C:/devkitPro/devkitARM/bin/../lib/gcc/arm-none-eabi/16.1.0/../../../../arm-none-eabi/lib/armv6k/fpu\libg.a(libc_a-wctomb_r.o)
                0x001127dc                __utf8_wctomb
 .text._wcsnrtombs_l
                0x001128d4      0x15c C:/devkitPro/devkitARM/bin/../lib/gcc/arm-none-eabi/16.1.0/../../../../arm-none-eabi/lib/armv6k/fpu\libg.a(libc_a-wcsnrtombs.o)
                0x001128d4                _wcsnrtombs_l
 .text._wcsnrtombs_r
                0x00112a30       0x64 C:/devkitPro/devkitARM/bin/../lib/gcc/arm-none-eabi/16.1.0/../../../../arm-none-eabi/lib/armv6k/fpu\libg.a(libc_a-wcsnrtombs.o)
                0x00112a30                _wcsnrtombs_r
 *fill*         0x00112a94        0x4 
 .text.frexp    0x00112a98       0x88 C:/devkitPro/devkitARM/bin/../lib/gcc/arm-none-eabi/16.1.0/../../../../arm-none-eabi/lib/armv6k/fpu\libg.a(libm_a-s_frexp.o)
                0x00112a98                frexp
 .text.__assert_func
                0x00112b20       0x5c C:/devkitPro/devkitARM/bin/../lib/gcc/arm-none-eabi/16.1.0/../../../../arm-none-eabi/lib/armv6k/fpu\libg.a(libc_a-assert.o)
                0x00112b20                __assert_func
 .text._Balloc  0x00112b7c       0x88 C:/devkitPro/devkitARM/bin/../lib/gcc/arm-none-eabi/16.1.0/../../../../arm-none-eabi/lib/armv6k/fpu\libg.a(libc_a-mprec.o)
                0x00112b7c                _Balloc
 .text._Bfree   0x00112c04       0x1c C:/devkitPro/devkitARM/bin/../lib/gcc/arm-none-eabi/16.1.0/../../../../arm-none-eabi/lib/armv6k/fpu\libg.a(libc_a-mprec.o)
                0x00112c04                _Bfree
 .text.__multadd
                0x00112c20       0xf4 C:/devkitPro/devkitARM/bin/../lib/gcc/arm-none-eabi/16.1.0/../../../../arm-none-eabi/lib/armv6k/fpu\libg.a(libc_a-mprec.o)
                0x00112c20                __multadd
 .text.__hi0bits
                0x00112d14       0x80 C:/devkitPro/devkitARM/bin/../lib/gcc/arm-none-eabi/16.1.0/../../../../arm-none-eabi/lib/armv6k/fpu\libg.a(libc_a-mprec.o)
                0x00112d14                __hi0bits
 .text.__lo0bits
                0x00112d94       0xf0 C:/devkitPro/devkitARM/bin/../lib/gcc/arm-none-eabi/16.1.0/../../../../arm-none-eabi/lib/armv6k/fpu\libg.a(libc_a-mprec.o)
                0x00112d94                __lo0bits
 .text.__i2b    0x00112e84       0xa4 C:/devkitPro/devkitARM/bin/../lib/gcc/arm-none-eabi/16.1.0/../../../../arm-none-eabi/lib/armv6k/fpu\libg.a(libc_a-mprec.o)
                0x00112e84                __i2b
 .text.__multiply
                0x00112f28      0x230 C:/devkitPro/devkitARM/bin/../lib/gcc/arm-none-eabi/16.1.0/../../../../arm-none-eabi/lib/armv6k/fpu\libg.a(libc_a-mprec.o)
                0x00112f28                __multiply
 .text.__pow5mult
                0x00113158      0x130 C:/devkitPro/devkitARM/bin/../lib/gcc/arm-none-eabi/16.1.0/../../../../arm-none-eabi/lib/armv6k/fpu\libg.a(libc_a-mprec.o)
                0x00113158                __pow5mult
 .text.__lshift
                0x00113288      0x138 C:/devkitPro/devkitARM/bin/../lib/gcc/arm-none-eabi/16.1.0/../../../../arm-none-eabi/lib/armv6k/fpu\libg.a(libc_a-mprec.o)
                0x00113288                __lshift
 .text.__mcmp   0x001133c0       0x58 C:/devkitPro/devkitARM/bin/../lib/gcc/arm-none-eabi/16.1.0/../../../../arm-none-eabi/lib/armv6k/fpu\libg.a(libc_a-mprec.o)
                0x001133c0                __mcmp
 .text.__mdiff  0x00113418      0x218 C:/devkitPro/devkitARM/bin/../lib/gcc/arm-none-eabi/16.1.0/../../../../arm-none-eabi/lib/armv6k/fpu\libg.a(libc_a-mprec.o)
                0x00113418                __mdiff
 .text.__d2b    0x00113630      0x120 C:/devkitPro/devkitARM/bin/../lib/gcc/arm-none-eabi/16.1.0/../../../../arm-none-eabi/lib/armv6k/fpu\libg.a(libc_a-mprec.o)
                0x00113630                __d2b
 .text.__utf8_mbtowc
                0x00113750      0x340 C:/devkitPro/devkitARM/bin/../lib/gcc/arm-none-eabi/16.1.0/../../../../arm-none-eabi/lib/armv6k/fpu\libg.a(libc_a-mbtowc_r.o)
                0x00113750                __utf8_mbtowc
 .text.fiprintf
                0x00113a90       0x3c C:/devkitPro/devkitARM/bin/../lib/gcc/arm-none-eabi/16.1.0/../../../../arm-none-eabi/lib/armv6k/fpu\libg.a(libc_a-fiprintf.o)
                0x00113a90                fiprintf
 .text.__sfvwrite_r
                0x00113acc      0x4a4 C:/devkitPro/devkitARM/bin/../lib/gcc/arm-none-eabi/16.1.0/../../../../arm-none-eabi/lib/armv6k/fpu\libg.a(libc_a-fvwrite.o)
                0x00113acc                __sfvwrite_r
 .text.strchr   0x00113f70      0x140 C:/devkitPro/devkitARM/bin/../lib/gcc/arm-none-eabi/16.1.0/../../../../arm-none-eabi/lib/armv6k/fpu\libg.a(libc_a-strchr.o)
                0x00113f70                strchr
 .text.abort    0x001140b0       0x14 C:/devkitPro/devkitARM/bin/../lib/gcc/arm-none-eabi/16.1.0/../../../../arm-none-eabi/lib/armv6k/fpu\libg.a(libc_a-abort.o)
                0x001140b0                abort
 .text._calloc_r
                0x001140c4       0xd8 C:/devkitPro/devkitARM/bin/../lib/gcc/arm-none-eabi/16.1.0/../../../../arm-none-eabi/lib/armv6k/fpu\libg.a(libc_a-callocr.o)
                0x001140c4                _calloc_r
 .text.memmove  0x0011419c      0x1a8 C:/devkitPro/devkitARM/bin/../lib/gcc/arm-none-eabi/16.1.0/../../../../arm-none-eabi/lib/armv6k/fpu\libg.a(libc_a-memmove.o)
                0x0011419c                memmove
 .text._realloc_r
                0x00114344      0x4f0 C:/devkitPro/devkitARM/bin/../lib/gcc/arm-none-eabi/16.1.0/../../../../arm-none-eabi/lib/armv6k/fpu\libg.a(libc_a-reallocr.o)
                0x00114344                _realloc_r
 .text.get_arg  0x00114834      0x5e0 C:/devkitPro/devkitARM/bin/../lib/gcc/arm-none-eabi/16.1.0/../../../../arm-none-eabi/lib/armv6k/fpu\libg.a(libc_a-vfiprintf.o)
 .text._vfiprintf_r
                0x00114e14     0x22f8 C:/devkitPro/devkitARM/bin/../lib/gcc/arm-none-eabi/16.1.0/../../../../arm-none-eabi/lib/armv6k/fpu\libg.a(libc_a-vfiprintf.o)
                0x00114e14                _vfiprintf_r
 .text.__sbprintf
                0x0011710c       0xb4 C:/devkitPro/devkitARM/bin/../lib/gcc/arm-none-eabi/16.1.0/../../../../arm-none-eabi/lib/armv6k/fpu\libg.a(libc_a-vfiprintf.o)
 .text._raise_r
                0x001171c0       0x9c C:/devkitPro/devkitARM/bin/../lib/gcc/arm-none-eabi/16.1.0/../../../../arm-none-eabi/lib/armv6k/fpu\libg.a(libc_a-signal.o)
                0x001171c0                _raise_r
 .text.raise    0x0011725c       0x20 C:/devkitPro/devkitARM/bin/../lib/gcc/arm-none-eabi/16.1.0/../../../../arm-none-eabi/lib/armv6k/fpu\libg.a(libc_a-signal.o)
                0x0011725c                raise
 .text._exit    0x0011727c       0x20 C:/devkitPro/devkitARM/bin/../lib/gcc/arm-none-eabi/16.1.0/../../../../arm-none-eabi/lib/armv6k/fpu\libsysbase.a(libsysbase_libsysbase_a-_exit.o)
                0x0011727c                _exit
 .text.chdir    0x0011729c      0x140 C:/devkitPro/devkitARM/bin/../lib/gcc/arm-none-eabi/16.1.0/../../../../arm-none-eabi/lib/armv6k/fpu\libsysbase.a(libsysbase_libsysbase_a-chdir.o)
                0x0011729c                chdir
 .text._concatenate_path
                0x001173dc      0x1c8 C:/devkitPro/devkitARM/bin/../lib/gcc/arm-none-eabi/16.1.0/../../../../arm-none-eabi/lib/armv6k/fpu\libsysbase.a(libsysbase_libsysbase_a-concatenate.o)
                0x001173dc                _concatenate_path
 .text._fstat_r
                0x001175a4       0x9c C:/devkitPro/devkitARM/bin/../lib/gcc/arm-none-eabi/16.1.0/../../../../arm-none-eabi/lib/armv6k/fpu\libsysbase.a(libsysbase_libsysbase_a-fstat.o)
                0x001175a4                _fstat_r
 .text._getpid_r
                0x00117640       0x14 C:/devkitPro/devkitARM/bin/../lib/gcc/arm-none-eabi/16.1.0/../../../../arm-none-eabi/lib/armv6k/fpu\libsysbase.a(libsysbase_libsysbase_a-getpid.o)
                0x00117640                _getpid_r
 .text.__getreent
                0x00117654       0x2c C:/devkitPro/devkitARM/bin/../lib/gcc/arm-none-eabi/16.1.0/../../../../arm-none-eabi/lib/armv6k/fpu\libsysbase.a(libsysbase_libsysbase_a-getreent.o)
                0x00117654                __getreent
 .text.__get_handle
                0x00117680       0x58 C:/devkitPro/devkitARM/bin/../lib/gcc/arm-none-eabi/16.1.0/../../../../arm-none-eabi/lib/armv6k/fpu\libsysbase.a(libsysbase_libsysbase_a-handle_manager.o)
                0x00117680                __get_handle
 .text._close_r
                0x001176d8      0x110 C:/devkitPro/devkitARM/bin/../lib/gcc/arm-none-eabi/16.1.0/../../../../arm-none-eabi/lib/armv6k/fpu\libsysbase.a(libsysbase_libsysbase_a-handle_manager.o)
                0x001176d8                _close_r
 .text.null_write
                0x001177e8        0x8 C:/devkitPro/devkitARM/bin/../lib/gcc/arm-none-eabi/16.1.0/../../../../arm-none-eabi/lib/armv6k/fpu\libsysbase.a(libsysbase_libsysbase_a-iosupport.o)
 .text.setDefaultDevice
                0x001177f0       0x18 C:/devkitPro/devkitARM/bin/../lib/gcc/arm-none-eabi/16.1.0/../../../../arm-none-eabi/lib/armv6k/fpu\libsysbase.a(libsysbase_libsysbase_a-iosupport.o)
                0x001177f0                setDefaultDevice
 .text.FindDevice
                0x00117808       0x98 C:/devkitPro/devkitARM/bin/../lib/gcc/arm-none-eabi/16.1.0/../../../../arm-none-eabi/lib/armv6k/fpu\libsysbase.a(libsysbase_libsysbase_a-iosupport.o)
                0x00117808                FindDevice
 .text.RemoveDevice
                0x001178a0       0x24 C:/devkitPro/devkitARM/bin/../lib/gcc/arm-none-eabi/16.1.0/../../../../arm-none-eabi/lib/armv6k/fpu\libsysbase.a(libsysbase_libsysbase_a-iosupport.o)
                0x001178a0                RemoveDevice
 .text.AddDevice
                0x001178c4       0x88 C:/devkitPro/devkitARM/bin/../lib/gcc/arm-none-eabi/16.1.0/../../../../arm-none-eabi/lib/armv6k/fpu\libsysbase.a(libsysbase_libsysbase_a-iosupport.o)
                0x001178c4                AddDevice
 .text.GetDeviceOpTab
                0x0011794c       0x20 C:/devkitPro/devkitARM/bin/../lib/gcc/arm-none-eabi/16.1.0/../../../../arm-none-eabi/lib/armv6k/fpu\libsysbase.a(libsysbase_libsysbase_a-iosupport.o)
                0x0011794c                GetDeviceOpTab
 .text._isatty_r
                0x0011796c        0x8 C:/devkitPro/devkitARM/bin/../lib/gcc/arm-none-eabi/16.1.0/../../../../arm-none-eabi/lib/armv6k/fpu\libsysbase.a(libsysbase_libsysbase_a-isatty.o)
                0x0011796c                _isatty_r
 .text._kill_r  0x00117974       0x14 C:/devkitPro/devkitARM/bin/../lib/gcc/arm-none-eabi/16.1.0/../../../../arm-none-eabi/lib/armv6k/fpu\libsysbase.a(libsysbase_libsysbase_a-kill.o)
                0x00117974                _kill_r
 .text._lseek_r
                0x00117988       0x94 C:/devkitPro/devkitARM/bin/../lib/gcc/arm-none-eabi/16.1.0/../../../../arm-none-eabi/lib/armv6k/fpu\libsysbase.a(libsysbase_libsysbase_a-lseek.o)
                0x00117988                _lseek_r
 .text._read_r  0x00117a1c       0x94 C:/devkitPro/devkitARM/bin/../lib/gcc/arm-none-eabi/16.1.0/../../../../arm-none-eabi/lib/armv6k/fpu\libsysbase.a(libsysbase_libsysbase_a-read.o)
                0x00117a1c                _read_r
 .text._sbrk_r  0x00117ab0       0x78 C:/devkitPro/devkitARM/bin/../lib/gcc/arm-none-eabi/16.1.0/../../../../arm-none-eabi/lib/armv6k/fpu\libsysbase.a(libsysbase_libsysbase_a-sbrk.o)
                0x00117ab0                _sbrk_r
 .text.__libc_lock_acquire
                0x00117b28       0x1c C:/devkitPro/devkitARM/bin/../lib/gcc/arm-none-eabi/16.1.0/../../../../arm-none-eabi/lib/armv6k/fpu\libsysbase.a(libsysbase_libsysbase_a-syscall_support.o)
                0x00117b28                __libc_lock_acquire
 .text.__libc_lock_release
                0x00117b44       0x1c C:/devkitPro/devkitARM/bin/../lib/gcc/arm-none-eabi/16.1.0/../../../../arm-none-eabi/lib/armv6k/fpu\libsysbase.a(libsysbase_libsysbase_a-syscall_support.o)
                0x00117b44                __libc_lock_release
 .text.__libc_lock_acquire_recursive
                0x00117b60       0x1c C:/devkitPro/devkitARM/bin/../lib/gcc/arm-none-eabi/16.1.0/../../../../arm-none-eabi/lib/armv6k/fpu\libsysbase.a(libsysbase_libsysbase_a-syscall_support.o)
                0x00117b60                __libc_lock_acquire_recursive
 .text.__libc_lock_release_recursive
                0x00117b7c       0x1c C:/devkitPro/devkitARM/bin/../lib/gcc/arm-none-eabi/16.1.0/../../../../arm-none-eabi/lib/armv6k/fpu\libsysbase.a(libsysbase_libsysbase_a-syscall_support.o)
                0x00117b7c                __libc_lock_release_recursive
 .text._write_r
                0x00117b98       0x94 C:/devkitPro/devkitARM/bin/../lib/gcc/arm-none-eabi/16.1.0/../../../../arm-none-eabi/lib/armv6k/fpu\libsysbase.a(libsysbase_libsysbase_a-write.o)
                0x00117b98                _write_r
 .text.strrchr  0x00117c2c       0x48 C:/devkitPro/devkitARM/bin/../lib/gcc/arm-none-eabi/16.1.0/../../../../arm-none-eabi/lib/armv6k/fpu\libg.a(libc_a-strrchr.o)
                0x00117c2c                strrchr
 *(.glue_7)
 .glue_7        0x00117c74        0x0 linker stubs
 *(.glue_7t)
 .glue_7t       0x00117c74        0x0 linker stubs
 *(.stub)
 *(.gnu.warning)
 *(.gnu.linkonce.t*)
                0x00117c74                        . = ALIGN (0x4)
 *(.fini)
 .fini          0x00117c74        0xc C:/devkitPro/devkitARM/bin/../lib/gcc/arm-none-eabi/16.1.0/armv6k/fpu/crti.o
                0x00117c74                _fini
 .fini          0x00117c80        0xc C:/devkitPro/devkitARM/bin/../lib/gcc/arm-none-eabi/16.1.0/armv6k/fpu/crtn.o
                0x00117c8c                        . = ALIGN (0x4)

.vfp11_veneer   0x00117c8c        0x0
 .vfp11_veneer  0x00117c8c        0x0 linker stubs

.v4_bx          0x00117c8c        0x0
 .v4_bx         0x00117c8c        0x0 linker stubs

.iplt           0x00117c8c        0x0
 .iplt          0x00117c8c        0x0 C:/devkitPro/devkitARM/bin/../lib/gcc/arm-none-eabi/16.1.0/../../../../arm-none-eabi/lib/armv6k/fpu/3dsx_crt0.o
                0x00118000                        . = ALIGN (0x1000)

.rodata         0x00118000     0x1560
 *(.rodata)
 .rodata        0x00118000        0xc C:/devkitPro/libctru/lib\libctru.a(archive_dev.o)
 *(.roda)
 *(.rodata.*)
 .rodata.str1.4
                0x0011800c      0x285 main.o
                                 0x4d (size before relaxing)
 *fill*         0x00118291        0x3 
 .rodata._ZTV12InputManager
                0x00118294       0x10 main.o
                0x00118294                vtable for InputManager
 .rodata.consolePrintChar
                0x001182a4        0x6 C:/devkitPro/libctru/lib\libctru.a(console.o)
 .rodata.con_write
                0x001182aa      0x23c C:/devkitPro/libctru/lib\libctru.a(console.o)
 .rodata.str1.4
                0x001184e6        0x0 C:/devkitPro/libctru/lib\libctru.a(console.o)
                                 0x10 (size before relaxing)
 *fill*         0x001184e6        0x2 
 .rodata.dotab_stdout
                0x001184e8       0x80 C:/devkitPro/libctru/lib\libctru.a(console.o)
 .rodata.grayScale
                0x00118568       0x18 C:/devkitPro/libctru/lib\libctru.a(console.o)
 .rodata.colorCube
                0x00118580        0x6 C:/devkitPro/libctru/lib\libctru.a(console.o)
 *fill*         0x00118586        0x2 
 .rodata.colorTable
                0x00118588       0x30 C:/devkitPro/libctru/lib\libctru.a(console.o)
 .rodata.aptEventHandler
                0x001185b8        0xb C:/devkitPro/libctru/lib\libctru.a(apt.o)
 .rodata.aptWaitForWakeUp.isra.0
                0x001185c3       0x11 C:/devkitPro/libctru/lib\libctru.a(apt.o)
 .rodata.morton_y.2
                0x001185d4        0x8 C:/devkitPro/libctru/lib\libctru.a(apt.o)
 .rodata.morton_x.3
                0x001185dc        0x8 C:/devkitPro/libctru/lib\libctru.a(apt.o)
 .rodata.s_sleepWakeEvents.4
                0x001185e4        0x8 C:/devkitPro/libctru/lib\libctru.a(apt.o)
 .rodata.str1.4
                0x001185ec        0x0 C:/devkitPro/libctru/lib\libctru.a(apt.o)
                                 0x16 (size before relaxing)
 .rodata.serviceNameTable.5
                0x001185ec        0xc C:/devkitPro/libctru/lib\libctru.a(apt.o)
 .rodata.gspInit.str1.4
                0x001185f8        0x0 C:/devkitPro/libctru/lib\libctru.a(gspgpu.o)
                                  0x9 (size before relaxing)
 .rodata.hidInit.str1.4
                0x001185f8        0x0 C:/devkitPro/libctru/lib\libctru.a(hid.o)
                                 0x15 (size before relaxing)
 .rodata.irrstInit.str1.4
                0x001185f8        0x0 C:/devkitPro/libctru/lib\libctru.a(irrst.o)
                                  0x7 (size before relaxing)
 .rodata.ptmSysmInit.str1.4
                0x001185f8        0x0 C:/devkitPro/libctru/lib\libctru.a(ptmsysm.o)
                                  0x9 (size before relaxing)
 .rodata.__system_initArgv.str1.4
                0x001185f8        0x0 C:/devkitPro/libctru/lib\libctru.a(initArgv.o)
                                  0xa (size before relaxing)
 .rodata.default_font_bin
                0x001185f8      0x800 C:/devkitPro/libctru/lib\libctru.a(default_font.bin.o)
                0x001185f8                default_font_bin
                0x00118df8                default_font_bin_end
 .rodata.srvInit.str1.4
                0x00118df8        0x0 C:/devkitPro/libctru/lib\libctru.a(srv.o)
                                  0x5 (size before relaxing)
 .rodata.archive_utf16path.str1.4
                0x00118df8        0x0 C:/devkitPro/libctru/lib\libctru.a(archive_dev.o)
                                  0x2 (size before relaxing)
 .rodata._archiveUnmountDeviceStruct.part.0.str1.4
                0x00118df8        0x0 C:/devkitPro/libctru/lib\libctru.a(archive_dev.o)
                                  0x2 (size before relaxing)
 .rodata._archiveMountDevice.str1.4
                0x00118df8        0x0 C:/devkitPro/libctru/lib\libctru.a(archive_dev.o)
                                  0xc (size before relaxing)
 .rodata.archiveMountSdmc.str1.4
                0x00118df8        0x0 C:/devkitPro/libctru/lib\libctru.a(archive_dev.o)
                                  0x5 (size before relaxing)
 .rodata.error_table
                0x00118df8       0x30 C:/devkitPro/libctru/lib\libctru.a(archive_dev.o)
 .rodata.str1.4
                0x00118e28        0x0 C:/devkitPro/libctru/lib\libctru.a(archive_dev.o)
                                  0x8 (size before relaxing)
 .rodata.archive_devoptab
                0x00118e28       0x80 C:/devkitPro/libctru/lib\libctru.a(archive_dev.o)
 .rodata.fsInit.str1.4
                0x00118ea8        0x0 C:/devkitPro/libctru/lib\libctru.a(fs.o)
                                  0x8 (size before relaxing)
 .rodata._ctype_
                0x00118ea8      0x101 C:/devkitPro/devkitARM/bin/../lib/gcc/arm-none-eabi/16.1.0/../../../../arm-none-eabi/lib/armv6k/fpu\libg.a(libc_a-ctype_.o)
                0x00118ea8                _ctype_
 *fill*         0x00118fa9        0x1 
 .rodata.get_arg
                0x00118faa       0x34 C:/devkitPro/devkitARM/bin/../lib/gcc/arm-none-eabi/16.1.0/../../../../arm-none-eabi/lib/armv6k/fpu\libg.a(libc_a-vfprintf.o)
 .rodata._vfprintf_r.str1.1
                0x00118fde       0x3b C:/devkitPro/devkitARM/bin/../lib/gcc/arm-none-eabi/16.1.0/../../../../arm-none-eabi/lib/armv6k/fpu\libg.a(libc_a-vfprintf.o)
 *fill*         0x00119019        0x1 
 .rodata._vfprintf_r
                0x0011901a       0xb6 C:/devkitPro/devkitARM/bin/../lib/gcc/arm-none-eabi/16.1.0/../../../../arm-none-eabi/lib/armv6k/fpu\libg.a(libc_a-vfprintf.o)
 .rodata.zeroes.0
                0x001190d0       0x10 C:/devkitPro/devkitARM/bin/../lib/gcc/arm-none-eabi/16.1.0/../../../../arm-none-eabi/lib/armv6k/fpu\libg.a(libc_a-vfprintf.o)
 .rodata.blanks.1
                0x001190e0       0x10 C:/devkitPro/devkitARM/bin/../lib/gcc/arm-none-eabi/16.1.0/../../../../arm-none-eabi/lib/armv6k/fpu\libg.a(libc_a-vfprintf.o)
 .rodata.__action_table
                0x001190f0       0x6c C:/devkitPro/devkitARM/bin/../lib/gcc/arm-none-eabi/16.1.0/../../../../arm-none-eabi/lib/armv6k/fpu\libg.a(libc_a-svfiprintf.o)
                0x001190f0                __action_table
 .rodata.__state_table
                0x0011915c       0x6c C:/devkitPro/devkitARM/bin/../lib/gcc/arm-none-eabi/16.1.0/../../../../arm-none-eabi/lib/armv6k/fpu\libg.a(libc_a-svfiprintf.o)
                0x0011915c                __state_table
 .rodata.__chclass
                0x001191c8      0x100 C:/devkitPro/devkitARM/bin/../lib/gcc/arm-none-eabi/16.1.0/../../../../arm-none-eabi/lib/armv6k/fpu\libg.a(libc_a-svfiprintf.o)
                0x001191c8                __chclass
 .rodata.str1.4
                0x001192c8        0x0 C:/devkitPro/devkitARM/bin/../lib/gcc/arm-none-eabi/16.1.0/../../../../arm-none-eabi/lib/armv6k/fpu\libg.a(libc_a-locale.o)
                                 0x4c (size before relaxing)
 .rodata._dtoa_r.str1.4
                0x001192c8        0x0 C:/devkitPro/devkitARM/bin/../lib/gcc/arm-none-eabi/16.1.0/../../../../arm-none-eabi/lib/armv6k/fpu\libg.a(libc_a-dtoa.o)
                                 0x9c (size before relaxing)
 .rodata._dtoa_r
                0x001192c8        0x8 C:/devkitPro/devkitARM/bin/../lib/gcc/arm-none-eabi/16.1.0/../../../../arm-none-eabi/lib/armv6k/fpu\libg.a(libc_a-dtoa.o)
 .rodata.__assert_func.str1.4
                0x001192d0        0x0 C:/devkitPro/devkitARM/bin/../lib/gcc/arm-none-eabi/16.1.0/../../../../arm-none-eabi/lib/armv6k/fpu\libg.a(libc_a-assert.o)
                                 0x43 (size before relaxing)
 .rodata.__multadd.str1.4
                0x001192d0        0x0 C:/devkitPro/devkitARM/bin/../lib/gcc/arm-none-eabi/16.1.0/../../../../arm-none-eabi/lib/armv6k/fpu\libg.a(libc_a-mprec.o)
                                 0x89 (size before relaxing)
 .rodata.p05.0  0x001192d0        0xc C:/devkitPro/devkitARM/bin/../lib/gcc/arm-none-eabi/16.1.0/../../../../arm-none-eabi/lib/armv6k/fpu\libg.a(libc_a-mprec.o)
 *fill*         0x001192dc        0x4 
 .rodata.__mprec_bigtens
                0x001192e0       0x28 C:/devkitPro/devkitARM/bin/../lib/gcc/arm-none-eabi/16.1.0/../../../../arm-none-eabi/lib/armv6k/fpu\libg.a(libc_a-mprec.o)
                0x001192e0                __mprec_bigtens
 .rodata.__mprec_tens
                0x00119308       0xc8 C:/devkitPro/devkitARM/bin/../lib/gcc/arm-none-eabi/16.1.0/../../../../arm-none-eabi/lib/armv6k/fpu\libg.a(libc_a-mprec.o)
                0x00119308                __mprec_tens
 .rodata.get_arg
                0x001193d0       0x34 C:/devkitPro/devkitARM/bin/../lib/gcc/arm-none-eabi/16.1.0/../../../../arm-none-eabi/lib/armv6k/fpu\libg.a(libc_a-vfiprintf.o)
 .rodata._vfiprintf_r.str1.1
                0x00119404        0x0 C:/devkitPro/devkitARM/bin/../lib/gcc/arm-none-eabi/16.1.0/../../../../arm-none-eabi/lib/armv6k/fpu\libg.a(libc_a-vfiprintf.o)
                                 0x29 (size before relaxing)
 .rodata._vfiprintf_r
                0x00119404       0xb6 C:/devkitPro/devkitARM/bin/../lib/gcc/arm-none-eabi/16.1.0/../../../../arm-none-eabi/lib/armv6k/fpu\libg.a(libc_a-vfiprintf.o)
 *fill*         0x001194ba        0x2 
 .rodata.zeroes.0
                0x001194bc       0x10 C:/devkitPro/devkitARM/bin/../lib/gcc/arm-none-eabi/16.1.0/../../../../arm-none-eabi/lib/armv6k/fpu\libg.a(libc_a-vfiprintf.o)
 .rodata.blanks.1
                0x001194cc       0x10 C:/devkitPro/devkitARM/bin/../lib/gcc/arm-none-eabi/16.1.0/../../../../arm-none-eabi/lib/armv6k/fpu\libg.a(libc_a-vfiprintf.o)
 .rodata.str1.4
                0x001194dc        0x0 C:/devkitPro/devkitARM/bin/../lib/gcc/arm-none-eabi/16.1.0/../../../../arm-none-eabi/lib/armv6k/fpu\libsysbase.a(libsysbase_libsysbase_a-iosupport.o)
                                  0x8 (size before relaxing)
 .rodata.dotab_stdnull
                0x001194dc       0x80 C:/devkitPro/devkitARM/bin/../lib/gcc/arm-none-eabi/16.1.0/../../../../arm-none-eabi/lib/armv6k/fpu\libsysbase.a(libsysbase_libsysbase_a-iosupport.o)
                0x001194dc                dotab_stdnull
 *all.rodata*(*)
 *(.gnu.linkonce.r*)
                0x0011955c                        . = ALIGN (0x4)
                0x0011955c                        __tdata_align = .
                0x0011955c        0x4 LONG 0x4 ALIGNOF (.tdata)
                0x00119560                        . = ALIGN (0x4)

.eh_frame       0x00119560        0x0
 .eh_frame      0x00119560        0x0 C:/devkitPro/devkitARM/bin/../lib/gcc/arm-none-eabi/16.1.0/armv6k/fpu/crtbegin.o

.ARM.extab
 *(.ARM.extab* .gnu.linkonce.armextab.*)
                0x00119560                        __exidx_start = .

.ARM.exidx      0x00119560        0x8
 *(.ARM.exidx* .gnu.linkonce.armexidx.*)
 .ARM.exidx.text._ZdlPv
                0x00119560        0x8 C:/devkitPro/devkitARM/bin/../lib/gcc/arm-none-eabi/16.1.0/../../../../arm-none-eabi/lib/armv6k/fpu\libstdc++.a(del_op.o)
                0x00119568                        __exidx_end = .

.rel.dyn        0x00119568        0x0
 .rel.iplt      0x00119568        0x0 C:/devkitPro/devkitARM/bin/../lib/gcc/arm-none-eabi/16.1.0/../../../../arm-none-eabi/lib/armv6k/fpu/3dsx_crt0.o
 .rel.got       0x00119568        0x0 C:/devkitPro/devkitARM/bin/../lib/gcc/arm-none-eabi/16.1.0/../../../../arm-none-eabi/lib/armv6k/fpu/3dsx_crt0.o
                0x0011a000                        . = ALIGN (0x1000)

.data           0x0011a000     0x1d8c
 *(.data)
 *(.data.*)
 .data.firstConsoleInit.0
                0x0011a000        0x1 C:/devkitPro/libctru/lib\libctru.a(console.o)
 *fill*         0x0011a001        0x3 
 .data.currentConsole
                0x0011a004        0x4 C:/devkitPro/libctru/lib\libctru.a(console.o)
                0x0011a004                currentConsole
 .data.defaultConsole
                0x0011a008       0x48 C:/devkitPro/libctru/lib\libctru.a(console.o)
                0x0011a008                defaultConsole
 .data.aptChainloadDeliverArgSize
                0x0011a050        0x4 C:/devkitPro/libctru/lib\libctru.a(apt.o)
 .data.kCount   0x0011a054        0x4 C:/devkitPro/libctru/lib\libctru.a(hid.o)
 .data.kInterval
                0x0011a058        0x4 C:/devkitPro/libctru/lib\libctru.a(hid.o)
 .data.kDelay   0x0011a05c        0x4 C:/devkitPro/libctru/lib\libctru.a(hid.o)
 .data.__stacksize__
                0x0011a060        0x4 C:/devkitPro/libctru/lib\libctru.a(stack_adjust.o)
                0x0011a060                __stacksize__
 .data._impure_ptr
                0x0011a064        0x4 C:/devkitPro/devkitARM/bin/../lib/gcc/arm-none-eabi/16.1.0/../../../../arm-none-eabi/lib/armv6k/fpu\libg.a(libc_a-impure.o)
                0x0011a064                _impure_ptr
 .data._impure_data
                0x0011a068      0x200 C:/devkitPro/devkitARM/bin/../lib/gcc/arm-none-eabi/16.1.0/../../../../arm-none-eabi/lib/armv6k/fpu\libg.a(libc_a-impure.o)
                0x0011a068                _impure_data
 .data.__malloc_sbrk_base
                0x0011a268        0x4 C:/devkitPro/devkitARM/bin/../lib/gcc/arm-none-eabi/16.1.0/../../../../arm-none-eabi/lib/armv6k/fpu\libg.a(libc_a-mallocr.o)
                0x0011a268                __malloc_sbrk_base
 .data.__malloc_trim_threshold
                0x0011a26c        0x4 C:/devkitPro/devkitARM/bin/../lib/gcc/arm-none-eabi/16.1.0/../../../../arm-none-eabi/lib/armv6k/fpu\libg.a(libc_a-mallocr.o)
                0x0011a26c                __malloc_trim_threshold
 .data.__malloc_av_
                0x0011a270      0x408 C:/devkitPro/devkitARM/bin/../lib/gcc/arm-none-eabi/16.1.0/../../../../arm-none-eabi/lib/armv6k/fpu\libg.a(libc_a-mallocr.o)
                0x0011a270                __malloc_av_
 .data.__sglue  0x0011a678        0xc C:/devkitPro/devkitARM/bin/../lib/gcc/arm-none-eabi/16.1.0/../../../../arm-none-eabi/lib/armv6k/fpu\libg.a(libc_a-findfp.o)
                0x0011a678                __sglue
 .data.__global_locale
                0x0011a684      0x254 C:/devkitPro/devkitARM/bin/../lib/gcc/arm-none-eabi/16.1.0/../../../../arm-none-eabi/lib/armv6k/fpu\libg.a(libc_a-locale.o)
                0x0011a684                __global_locale
 .data._current_working_directory
                0x0011a8d8      0x400 C:/devkitPro/devkitARM/bin/../lib/gcc/arm-none-eabi/16.1.0/../../../../arm-none-eabi/lib/armv6k/fpu\libsysbase.a(libsysbase_libsysbase_a-chdir.o)
 .data.handles  0x0011acd8     0x1000 C:/devkitPro/devkitARM/bin/../lib/gcc/arm-none-eabi/16.1.0/../../../../arm-none-eabi/lib/armv6k/fpu\libsysbase.a(libsysbase_libsysbase_a-handle_manager.o)
 .data.__stderr_handle
                0x0011bcd8        0xc C:/devkitPro/devkitARM/bin/../lib/gcc/arm-none-eabi/16.1.0/../../../../arm-none-eabi/lib/armv6k/fpu\libsysbase.a(libsysbase_libsysbase_a-handle_manager.o)
 .data.__stdout_handle
                0x0011bce4        0xc C:/devkitPro/devkitARM/bin/../lib/gcc/arm-none-eabi/16.1.0/../../../../arm-none-eabi/lib/armv6k/fpu\libsysbase.a(libsysbase_libsysbase_a-handle_manager.o)
 .data.__stdin_handle
                0x0011bcf0        0xc C:/devkitPro/devkitARM/bin/../lib/gcc/arm-none-eabi/16.1.0/../../../../arm-none-eabi/lib/armv6k/fpu\libsysbase.a(libsysbase_libsysbase_a-handle_manager.o)
 .data.devoptab_list
                0x0011bcfc       0x8c C:/devkitPro/devkitARM/bin/../lib/gcc/arm-none-eabi/16.1.0/../../../../arm-none-eabi/lib/armv6k/fpu\libsysbase.a(libsysbase_libsysbase_a-iosupport.o)
                0x0011bcfc                devoptab_list
 .data.defaultDevice
                0x0011bd88        0x4 C:/devkitPro/devkitARM/bin/../lib/gcc/arm-none-eabi/16.1.0/../../../../arm-none-eabi/lib/armv6k/fpu\libsysbase.a(libsysbase_libsysbase_a-iosupport.o)
 *(.gnu.linkonce.d*)
                0x0011bd8c                        . = ALIGN (0x4)

.igot.plt       0x0011bd8c        0x0
 .igot.plt      0x0011bd8c        0x0 C:/devkitPro/devkitARM/bin/../lib/gcc/arm-none-eabi/16.1.0/../../../../arm-none-eabi/lib/armv6k/fpu/3dsx_crt0.o

.got            0x0011bd8c        0x8
 .got           0x0011bd8c        0x8 C:/devkitPro/devkitARM/bin/../lib/gcc/arm-none-eabi/16.1.0/../../../../arm-none-eabi/lib/armv6k/fpu/3dsx_crt0.o

.got.plt        0x0011bd94        0xc
 .got.plt       0x0011bd94        0xc C:/devkitPro/devkitARM/bin/../lib/gcc/arm-none-eabi/16.1.0/../../../../arm-none-eabi/lib/armv6k/fpu/3dsx_crt0.o
                0x0011bd94                _GLOBAL_OFFSET_TABLE_

.tdata          0x0011bda0        0x0
                0x0011bda0                        __tdata_lma = .
 *(.tdata)
 *(.tdata.*)
 *(.gnu.linkonce.td.*)
                0x0011bda0                        . = ALIGN (0x4)
                0x0011bda0                        __tdata_lma_end = .

.tbss           0x0011bda0      0xc08
 *(.tbss)
 *(.tbss.*)
 .tbss.__ctru_dev_utf16_buf
                0x0011bda0      0x802 C:/devkitPro/libctru/lib\libctru.a(path_buf.o)
                0x0011bda0                __ctru_dev_utf16_buf
 *fill*         0x0011c5a2        0x2 
 .tbss.__ctru_dev_path_buf
                0x0011c5a4      0x401 C:/devkitPro/libctru/lib\libctru.a(path_buf.o)
                0x0011c5a4                __ctru_dev_path_buf
 *(.gnu.linkonce.tb.*)
 *(.tcommon)
                0x0011c9a8                        . = ALIGN (0x4)
 *fill*         0x0011c9a5        0x3 

.preinit_array  0x0011bda0        0x0
                0x0011bda0                        PROVIDE (__preinit_array_start = .)
 *(.preinit_array)
                0x0011bda0                        PROVIDE (__preinit_array_end = .)

.init_array     0x0011bda0        0x4
                0x0011bda0                        PROVIDE (__init_array_start = .)
 *(SORT_BY_NAME(.init_array.*))
 *(.init_array)
 .init_array    0x0011bda0        0x4 C:/devkitPro/devkitARM/bin/../lib/gcc/arm-none-eabi/16.1.0/armv6k/fpu/crtbegin.o
                0x0011bda4                        PROVIDE (__init_array_end = .)

.fini_array     0x0011bda4        0x4
                0x0011bda4                        PROVIDE (__fini_array_start = .)
 *(.fini_array)
 .fini_array    0x0011bda4        0x4 C:/devkitPro/devkitARM/bin/../lib/gcc/arm-none-eabi/16.1.0/armv6k/fpu/crtbegin.o
 *(SORT_BY_NAME(.fini_array.*))
                0x0011bda8                        PROVIDE (__fini_array_end = .)

.ctors
 *crtbegin.o(.ctors)
 *(EXCLUDE_FILE(*crtend.o) .ctors)
 *(SORT_BY_NAME(.ctors.*))
 *(.ctors)

.dtors
 *crtbegin.o(.dtors)
 *(EXCLUDE_FILE(*crtend.o) .dtors)
 *(SORT_BY_NAME(.dtors.*))
 *(.dtors)
                0x0011bda8                        __bss_start__ = .

.bss            0x0011bda8     0x2e28
 *(.dynbss)
 *(.bss)
 *(.bss.*)
 .bss.completed.1
                0x0011bda8        0x1 C:/devkitPro/devkitARM/bin/../lib/gcc/arm-none-eabi/16.1.0/armv6k/fpu/crtbegin.o
 *fill*         0x0011bda9        0x3 
 .bss.object.0  0x0011bdac       0x18 C:/devkitPro/devkitARM/bin/../lib/gcc/arm-none-eabi/16.1.0/armv6k/fpu/crtbegin.o
 .bss.escapeSeq
                0x0011bdc4       0x64 C:/devkitPro/libctru/lib\libctru.a(console.o)
 .bss.currentCopy
                0x0011be28       0x48 C:/devkitPro/libctru/lib\libctru.a(console.o)
                0x0011be28                currentCopy
 .bss.screenAlloc
                0x0011be70        0x4 C:/devkitPro/libctru/lib\libctru.a(gfx.o)
 .bss.screenFree
                0x0011be74        0x4 C:/devkitPro/libctru/lib\libctru.a(gfx.o)
 .bss.gfxIsDoubleBuf
                0x0011be78        0x2 C:/devkitPro/libctru/lib\libctru.a(gfx.o)
 *fill*         0x0011be7a        0x2 
 .bss.gfxCurBuf
                0x0011be7c        0x2 C:/devkitPro/libctru/lib\libctru.a(gfx.o)
 .bss.gfxIsVram
                0x0011be7e        0x1 C:/devkitPro/libctru/lib\libctru.a(gfx.o)
 .bss.gfxTopMode
                0x0011be7f        0x1 C:/devkitPro/libctru/lib\libctru.a(gfx.o)
 .bss.gfxFramebufferFormats
                0x0011be80        0x2 C:/devkitPro/libctru/lib\libctru.a(gfx.o)
 *fill*         0x0011be82        0x2 
 .bss.gfxBottomFramebufferMaxSize
                0x0011be84        0x4 C:/devkitPro/libctru/lib\libctru.a(gfx.o)
 .bss.gfxTopFramebufferMaxSize
                0x0011be88        0x4 C:/devkitPro/libctru/lib\libctru.a(gfx.o)
 *fill*         0x0011be8c        0x4 
 .bss.gfxBottomFramebuffers
                0x0011be90        0x8 C:/devkitPro/libctru/lib\libctru.a(gfx.o)
 .bss.gfxTopFramebuffers
                0x0011be98        0x8 C:/devkitPro/libctru/lib\libctru.a(gfx.o)
 .bss.__ctru_speedup
                0x0011bea0        0x1 C:/devkitPro/libctru/lib\libctru.a(os.o)
                0x0011bea0                __ctru_speedup
 .bss.flagValue.0
                0x0011bea1        0x1 C:/devkitPro/libctru/lib\libctru.a(apt.o)
 .bss.flagInit.1
                0x0011bea2        0x1 C:/devkitPro/libctru/lib\libctru.a(apt.o)
 *fill*         0x0011bea3        0x1 
 .bss.serviceName.6
                0x0011bea4        0x4 C:/devkitPro/libctru/lib\libctru.a(apt.o)
 .bss.aptChainloadFlags
                0x0011bea8        0x1 C:/devkitPro/libctru/lib\libctru.a(apt.o)
 .bss.aptChainloadMediatype
                0x0011bea9        0x1 C:/devkitPro/libctru/lib\libctru.a(apt.o)
 *fill*         0x0011beaa        0x2 
 .bss.aptChainloadHmac
                0x0011beac       0x20 C:/devkitPro/libctru/lib\libctru.a(apt.o)
 .bss.aptChainloadDeliverArg
                0x0011becc      0x300 C:/devkitPro/libctru/lib\libctru.a(apt.o)
 *fill*         0x0011c1cc        0x4 
 .bss.aptChainloadTid
                0x0011c1d0        0x8 C:/devkitPro/libctru/lib\libctru.a(apt.o)
 .bss.aptParameters
                0x0011c1d8     0x1000 C:/devkitPro/libctru/lib\libctru.a(apt.o)
 .bss.aptFlags  0x0011d1d8        0x4 C:/devkitPro/libctru/lib\libctru.a(apt.o)
 .bss.aptHomeButtonState
                0x0011d1dc        0x1 C:/devkitPro/libctru/lib\libctru.a(apt.o)
 *fill*         0x0011d1dd        0x3 
 .bss.aptMessageFuncData
                0x0011d1e0        0x4 C:/devkitPro/libctru/lib\libctru.a(apt.o)
 .bss.aptMessageFunc
                0x0011d1e4        0x4 C:/devkitPro/libctru/lib\libctru.a(apt.o)
 .bss.aptFirstHook
                0x0011d1e8        0xc C:/devkitPro/libctru/lib\libctru.a(apt.o)
 .bss.aptEventHandlerThreadQuit
                0x0011d1f4        0x1 C:/devkitPro/libctru/lib\libctru.a(apt.o)
 *fill*         0x0011d1f5        0x3 
 .bss.aptEventHandlerThread
                0x0011d1f8        0x4 C:/devkitPro/libctru/lib\libctru.a(apt.o)
 .bss.aptSleepEvent
                0x0011d1fc        0x8 C:/devkitPro/libctru/lib\libctru.a(apt.o)
 .bss.aptReceiveEvent
                0x0011d204        0x8 C:/devkitPro/libctru/lib\libctru.a(apt.o)
 .bss.aptEvents
                0x0011d20c        0x8 C:/devkitPro/libctru/lib\libctru.a(apt.o)
 .bss.aptLockHandle
                0x0011d214        0x4 C:/devkitPro/libctru/lib\libctru.a(apt.o)
 .bss.aptRefCount
                0x0011d218        0x4 C:/devkitPro/libctru/lib\libctru.a(apt.o)
 .bss.gspEventCbOneShot
                0x0011d21c        0x7 C:/devkitPro/libctru/lib\libctru.a(gspgpu.o)
 *fill*         0x0011d223        0x1 
 .bss.gspEventCbData
                0x0011d224       0x1c C:/devkitPro/libctru/lib\libctru.a(gspgpu.o)
 .bss.gspEventCb
                0x0011d240       0x1c C:/devkitPro/libctru/lib\libctru.a(gspgpu.o)
 .bss.gspEvents
                0x0011d25c       0x38 C:/devkitPro/libctru/lib\libctru.a(gspgpu.o)
 .bss.gspLastEvent
                0x0011d294        0x4 C:/devkitPro/libctru/lib\libctru.a(gspgpu.o)
 .bss.gspRunEvents
                0x0011d298        0x1 C:/devkitPro/libctru/lib\libctru.a(gspgpu.o)
 *fill*         0x0011d299        0x3 
 .bss.gspEventThread
                0x0011d29c        0x4 C:/devkitPro/libctru/lib\libctru.a(gspgpu.o)
 .bss.gspEvent  0x0011d2a0        0x4 C:/devkitPro/libctru/lib\libctru.a(gspgpu.o)
 .bss.gspGpuRight
                0x0011d2a4        0x1 C:/devkitPro/libctru/lib\libctru.a(gspgpu.o)
 .bss.gspThreadId
                0x0011d2a5        0x1 C:/devkitPro/libctru/lib\libctru.a(gspgpu.o)
 *fill*         0x0011d2a6        0x2 
 .bss.gspSharedMem
                0x0011d2a8        0x4 C:/devkitPro/libctru/lib\libctru.a(gspgpu.o)
 .bss.gspSharedMemHandle
                0x0011d2ac        0x4 C:/devkitPro/libctru/lib\libctru.a(gspgpu.o)
 .bss.gspRefCount
                0x0011d2b0        0x4 C:/devkitPro/libctru/lib\libctru.a(gspgpu.o)
 .bss.gspGpuHandle
                0x0011d2b4        0x4 C:/devkitPro/libctru/lib\libctru.a(gspgpu.o)
 .bss.usingIrrst
                0x0011d2b8        0x1 C:/devkitPro/libctru/lib\libctru.a(hid.o)
 *fill*         0x0011d2b9        0x3 
 .bss.hidRefCount
                0x0011d2bc        0x4 C:/devkitPro/libctru/lib\libctru.a(hid.o)
 .bss.gRate     0x0011d2c0        0x6 C:/devkitPro/libctru/lib\libctru.a(hid.o)
 *fill*         0x0011d2c6        0x2 
 .bss.aVec      0x0011d2c8        0x6 C:/devkitPro/libctru/lib\libctru.a(hid.o)
 *fill*         0x0011d2ce        0x2 
 .bss.cPos      0x0011d2d0        0x4 C:/devkitPro/libctru/lib\libctru.a(hid.o)
 .bss.tPos      0x0011d2d4        0x4 C:/devkitPro/libctru/lib\libctru.a(hid.o)
 .bss.kRepeat   0x0011d2d8        0x4 C:/devkitPro/libctru/lib\libctru.a(hid.o)
 .bss.kUp       0x0011d2dc        0x4 C:/devkitPro/libctru/lib\libctru.a(hid.o)
 .bss.kDown     0x0011d2e0        0x4 C:/devkitPro/libctru/lib\libctru.a(hid.o)
 .bss.kHeld     0x0011d2e4        0x4 C:/devkitPro/libctru/lib\libctru.a(hid.o)
 .bss.kOld      0x0011d2e8        0x4 C:/devkitPro/libctru/lib\libctru.a(hid.o)
 .bss.hidSharedMem
                0x0011d2ec        0x4 C:/devkitPro/libctru/lib\libctru.a(hid.o)
                0x0011d2ec                hidSharedMem
 .bss.hidEvents
                0x0011d2f0       0x14 C:/devkitPro/libctru/lib\libctru.a(hid.o)
                0x0011d2f0                hidEvents
 .bss.hidMemHandle
                0x0011d304        0x4 C:/devkitPro/libctru/lib\libctru.a(hid.o)
                0x0011d304                hidMemHandle
 .bss.hidHandle
                0x0011d308        0x4 C:/devkitPro/libctru/lib\libctru.a(hid.o)
                0x0011d308                hidHandle
 .bss.irrstRefCount
                0x0011d30c        0x4 C:/devkitPro/libctru/lib\libctru.a(irrst.o)
 .bss.csPos     0x0011d310        0x4 C:/devkitPro/libctru/lib\libctru.a(irrst.o)
 .bss.kHeld     0x0011d314        0x4 C:/devkitPro/libctru/lib\libctru.a(irrst.o)
 .bss.irrstSharedMem
                0x0011d318        0x4 C:/devkitPro/libctru/lib\libctru.a(irrst.o)
                0x0011d318                irrstSharedMem
 .bss.irrstEvent
                0x0011d31c        0x4 C:/devkitPro/libctru/lib\libctru.a(irrst.o)
                0x0011d31c                irrstEvent
 .bss.irrstMemHandle
                0x0011d320        0x4 C:/devkitPro/libctru/lib\libctru.a(irrst.o)
                0x0011d320                irrstMemHandle
 .bss.irrstHandle
                0x0011d324        0x4 C:/devkitPro/libctru/lib\libctru.a(irrst.o)
                0x0011d324                irrstHandle
 .bss.ptmSysmRefCount
                0x0011d328        0x4 C:/devkitPro/libctru/lib\libctru.a(ptmsysm.o)
 .bss.ptmSysmHandle
                0x0011d32c        0x4 C:/devkitPro/libctru/lib\libctru.a(ptmsysm.o)
 .bss.__system_retAddr
                0x0011d330        0x4 C:/devkitPro/libctru/lib\libctru.a(ctru_init.o)
                0x0011d330                __system_retAddr
 .bss.__system_argv
                0x0011d334        0x4 C:/devkitPro/libctru/lib\libctru.a(initArgv.o)
                0x0011d334                __system_argv
 .bss.__system_argc
                0x0011d338        0x4 C:/devkitPro/libctru/lib\libctru.a(initArgv.o)
                0x0011d338                __system_argc
 .bss.saved_stack.42
                0x0011d33c        0x8 C:/devkitPro/libctru/lib\libctru.a(stack_adjust.o)
 *fill*         0x0011d344        0x4 
 .bss._ZL11sLinearPool
                0x0011d348        0x8 C:/devkitPro/libctru/lib\libctru.a(linear.o)
 .bss._ZL8sAddrMap
                0x0011d350        0xc C:/devkitPro/libctru/lib\libctru.a(linear.o)
 *fill*         0x0011d35c        0x4 
 .bss._ZL10sVramPoolB
                0x0011d360        0x8 C:/devkitPro/libctru/lib\libctru.a(vram.o)
 .bss._ZL10sVramPoolA
                0x0011d368        0x8 C:/devkitPro/libctru/lib\libctru.a(vram.o)